L251 LINKER/LOCATER V4.66.93.0                                                          12/01/2024  22:47:41  PAGE 1


L251 LINKER/LOCATER V4.66.93.0, INVOKED BY:
D:\KEIL C51&STM32&C251\KEIL_V5\C251\BIN\L251.EXE .\Objects\main.obj, .\Objects\STC32G_Delay.obj, .\Objects\STC32G_GPIO.o
>> bj, .\Objects\oled.obj, .\Objects\STC32G_GPIO_Isr.obj, .\Objects\STC32G_I2C.obj, .\Objects\STC32G_I2C_Isr.obj, .\Obje
>> cts\usart3.obj TO .\Objects\project PRINT (.\Listings\project.map) CASE CLASSES (EDATA (0X0-0X7FF), HDATA (0X0-0X7FF,
>>  0XFE2000-0XFFFFFF))


CPU MODE:     251 SOURCE MODE
INTR FRAME:   2 BYTES SAVED ON INTERRUPT
MEMORY MODEL: XSMALL WITH FLOATING POINT ARITHMETIC


INPUT MODULES INCLUDED:
  .\Objects\main.obj (main)
         COMMENT TYPE 0: C251 V5.60.0
  .\Objects\STC32G_Delay.obj (STC32G_Delay)
         COMMENT TYPE 0: C251 V5.60.0
  .\Objects\STC32G_GPIO.obj (STC32G_GPIO)
         COMMENT TYPE 0: C251 V5.60.0
  .\Objects\oled.obj (oled)
         COMMENT TYPE 0: C251 V5.60.0
  .\Objects\STC32G_GPIO_Isr.obj (STC32G_GPIO_Isr)
         COMMENT TYPE 0: C251 V5.60.0
  .\Objects\STC32G_I2C.obj (STC32G_I2C)
         COMMENT TYPE 0: C251 V5.60.0
  .\Objects\STC32G_I2C_Isr.obj (STC32G_I2C_Isr)
         COMMENT TYPE 0: C251 V5.60.0
  .\Objects\usart3.obj (usart3)
         COMMENT TYPE 0: C251 V5.60.0
  D:\KEIL C51&STM32&C251\KEIL_V5\C251\LIB\C2SFPXS.LIB (SPRINTF)
         COMMENT TYPE 0: A251 V4.69.6.0
  D:\KEIL C51&STM32&C251\KEIL_V5\C251\LIB\C2SFPXS.LIB (?C?PRNFMT)
         COMMENT TYPE 0: A251 V4.69.6.0
  D:\KEIL C51&STM32&C251\KEIL_V5\C251\LIB\C2SFPXS.LIB (?C?FPCONVERT)
         COMMENT TYPE 0: A251 V4.69.6.0
  D:\KEIL C51&STM32&C251\KEIL_V5\C251\LIB\C2SFPXS.LIB (?C?FPMUL)
         COMMENT TYPE 0: A251 V4.69.6.0
  D:\KEIL C51&STM32&C251\KEIL_V5\C251\LIB\C2SFPXS.LIB (?C?FPDIV)
         COMMENT TYPE 0: A251 V4.69.6.0
  D:\KEIL C51&STM32&C251\KEIL_V5\C251\LIB\C2SFPXS.LIB (?C?FTNPWR)
         COMMENT TYPE 0: A251 V4.69.6.0
  D:\KEIL C51&STM32&C251\KEIL_V5\C251\LIB\C2SFPXS.LIB (?C?FPGETOPN)
         COMMENT TYPE 0: A251 V4.69.6.0
  D:\KEIL C51&STM32&C251\KEIL_V5\C251\LIB\C2SXS.LIB (?C_START)
         COMMENT TYPE 0: A251 V4.69.6.0
  D:\KEIL C51&STM32&C251\KEIL_V5\C251\LIB\C2SXS.LIB (?C?SIDIV)
         COMMENT TYPE 0: A251 V4.69.6.0
  D:\KEIL C51&STM32&C251\KEIL_V5\C251\LIB\C2SXS.LIB (?C?LMUL)
         COMMENT TYPE 0: A251 V4.69.6.0
  D:\KEIL C51&STM32&C251\KEIL_V5\C251\LIB\C2SXS.LIB (memset)
         COMMENT TYPE 0: C251 V5.58.7


ACTIVE MEMORY CLASSES OF MODULE:  .\Objects\project (main)

BASE        START       END         USED      MEMORY CLASS
==========================================================
000000H     000000H     0007FFH     000199H   EDATA
000000H     000000H     0007FFH               HDATA
            FE2000H     FFFFFFH                 
FF0000H     FF0000H     FFFFFFH     002FE5H   CODE
000000H     FF0000H     FFFFFFH     000009H   HCONST
010000H     010000H     01FFFFH     000417H   XDATA
000020H.0   000020H.0   00002FH.7   000000H.5 BIT
FF0000H     FF0000H     FFFFFFH     000004H   CONST
000000H     000000H     00007FH     000008H   DATA
L251 LINKER/LOCATER V4.66.93.0                                                        12/01/2024  22:47:41  PAGE 2




MEMORY MAP OF MODULE:  .\Objects\project (main)


START     STOP      LENGTH    ALIGN  RELOC    MEMORY CLASS   SEGMENT NAME
=========================================================================
000000H   000007H   000008H   ---    AT..     DATA           "REG BANK 0"
000008H   000013H   00000CH   BYTE   UNIT     EDATA          ?ED?OLED_BUFFSHOWCIRCLE?OLED
000014H   00001BH   000008H   BYTE   UNIT     EDATA          ?ED?STC32G_I2C
00001CH   00001FH   000004H   BYTE   UNIT     EDATA          ?ED?OLED_BUFFSHOWNUM?OLED
000020H.0 000020H.3 000000H.4 BIT    UNIT     BIT            ?BI?USART3
000020H.4 000020H.4 000000H.1 BIT    UNIT     BIT            ?BI?STC32G_I2C_ISR
000020H.5 000020H   000000H.3 ---    ---      **GAP**
000021H   000062H   000042H   BYTE   UNIT     EDATA          ?ED?USART3
000063H   00008AH   000028H   BYTE   UNIT     EDATA          ?ED?SPRINTF
00008BH   000090H   000006H   BYTE   UNIT     EDATA          _EDATA_GROUP_
000091H   000095H   000005H   BYTE   UNIT     EDATA          ?ED?OLED_DRAWBMP?OLED
000096H   000099H   000004H   BYTE   UNIT     EDATA          ?ED?OLED_BUFFSHOWNUM02F?OLED
00009AH   00009CH   000003H   BYTE   UNIT     EDATA          ?ED?I2C_READNBYTE?STC32G_I2C
00009DH   00009FH   000003H   BYTE   UNIT     EDATA          ?ED?STC32G_I2C_ISR
0000A0H   0000A1H   000002H   BYTE   UNIT     EDATA          ?ED?OLED_BUFFSHOWLINE?OLED
0000A2H   0001A1H   000100H   BYTE   UNIT     EDATA          ?STACK
0001A2H   00FFFFH   00FE5EH   ---    ---      **GAP**
010000H   0103FFH   000400H   BYTE   INSEG    XDATA          ?XD?OLED
010400H   010409H   00000AH   BYTE   UNIT     XDATA          ?XD?OLED_BUFFSHOWNUM?OLED
01040AH   010413H   00000AH   BYTE   UNIT     XDATA          ?XD?OLED_BUFFSHOWNUM02F?OLED
010414H   010416H   000003H   BYTE   UNIT     XDATA          ?XD?OLED_DRAWBMP?OLED
010417H   FEFFFFH   FDFBE9H   ---    ---      **GAP**
FF0000H   FF0002H   000003H   ---    OFFS..   CODE           ?CO?start251?4
FF0003H   FF008AH   000088H   BYTE   INSEG    CODE           ?PR?OLED_BUFFSHOWSTRING?OLED
FF008BH   FF008DH   000003H   ---    OFFS..   CODE           ?PR?IV?17
FF008EH   FF00C0H   000033H   BYTE   INSEG    CODE           ?PR?OLED_BUFFSHOWRECTANGLE?OLED
FF00C1H   FF00C2H   000002H   ---    ---      **GAP**
FF00C3H   FF00C5H   000003H   ---    OFFS..   CODE           ?PR?IV?24
FF00C6H   FF0D6DH   000CA8H   BYTE   UNIT     CODE           ?CO?OLED
FF0D6EH   FF196DH   000C00H   BYTE   UNIT     CODE           ?CO?MAIN
FF196EH   FF20EEH   000781H   BYTE   UNIT     CODE           ?C?LIB_CODE
FF20EFH   FF2344H   000256H   BYTE   INSEG    CODE           ?PR?GPIO_INILIZE?STC32G_GPIO
FF2345H   FF2447H   000103H   BYTE   INSEG    CODE           ?PR?OLED_BUFFSHOWCIRCLE?OLED
FF2448H   FF2541H   0000FAH   BYTE   INSEG    CODE           ?PR?I2C_ISR_HANDLER?STC32G_I2C_ISR
FF2542H   FF260CH   0000CBH   BYTE   INSEG    CODE           ?PR?OLED_INIT?OLED
FF260DH   FF26CFH   0000C3H   BYTE   INSEG    CODE           ?PR?OLED_BUFFSHOWLINE?OLED
FF26D0H   FF278DH   0000BEH   BYTE   INSEG    CODE           ?PR?OLED_BUFFSHOWGBK?OLED
FF278EH   FF2847H   0000BAH   BYTE   INSEG    CODE           ?PR?I2C_INIT?STC32G_I2C
FF2848H   FF28D2H   00008BH   BYTE   INSEG    CODE           ?PR?OLED_BUFFSHOWCHAR?OLED
FF28D3H   FF2956H   000084H   BYTE   INSEG    CODE           ?PR?OLED_DRAWBMP?OLED
FF2957H   FF29D7H   000081H   BYTE   INSEG    CODE           ?PR?OLED_BUFFSHOWCHAR32?OLED
FF29D8H   FF2A4AH   000073H   BYTE   INSEG    CODE           ?PR?MAIN?MAIN
FF2A4BH   FF2AA8H   00005EH   BYTE   INSEG    CODE           ?PR?I2C_READNBYTE?STC32G_I2C
FF2AA9H   FF2AFFH   000057H   BYTE   INSEG    CODE           ?PR?OLED_BUFFSHOWBMP?OLED
FF2B00H   FF2B4EH   00004FH   BYTE   INSEG    CODE           ?PR?OLED_BUFFSHOWNUM02F?OLED
FF2B4FH   FF2B9DH   00004FH   BYTE   INSEG    CODE           ?PR?OLED_BUFFSHOW?OLED
FF2B9EH   FF2BECH   00004FH   BYTE   INSEG    CODE           ?PR?OLED_BUFFSHOWNUM?OLED
FF2BEDH   FF2C35H   000049H   BYTE   INSEG    CODE           ?PR?OLED_BUFFSHOWPOINT?OLED
FF2C36H   FF2C7CH   000047H   BYTE   INSEG    CODE           ?PR?UART3_INT?USART3
FF2C7DH   FF2CBFH   000043H   BYTE   INSEG    CODE           ?PR?I2C_WRITENBYTE?STC32G_I2C
FF2CC0H   FF2CF8H   000039H   BYTE   INSEG    CODE           ?PR?UART3_CONFIG?USART3
FF2CF9H   FF2D29H   000031H   BYTE   INSEG    CODE           ?PR?GPIO_CONFIG?MAIN
FF2D2AH   FF2D55H   00002CH   BYTE   INSEG    CODE           ?PR?OLED_DISPLAYTURN?OLED
FF2D56H   FF2D7CH   000027H   BYTE   INSEG    CODE           ?PR?OLED_SET_POS?OLED
FF2D7DH   FF2DA1H   000025H   BYTE   INSEG    CODE           ?PR?I2C_CONFIG?MAIN
FF2DA2H   FF2DC4H   000023H   BYTE   INSEG    CODE           ?PR?OLED_LIGHTSET?OLED
FF2DC5H   FF2DE3H   00001FH   BYTE   INSEG    CODE           ?PR?OLED_WR_BYTE?OLED
FF2DE4H   FF2E01H   00001EH   BYTE   INSEG    CODE           ?PR?OLED_COLORTURN?OLED
L251 LINKER/LOCATER V4.66.93.0                                                        12/01/2024  22:47:41  PAGE 3


FF2E02H   FF2E1DH   00001CH   BYTE   INSEG    CODE           ?PR?RECVDATA?STC32G_I2C
FF2E1EH   FF2E39H   00001CH   BYTE   INSEG    CODE           ?PR?IIC_INIT?STC32G_I2C
FF2E3AH   FF2E4CH   000013H   BYTE   UNIT     CODE           ?C_C51STARTUP
FF2E4DH   FF2E52H   000006H   BYTE   UNIT     CODE           ?C_C51STARTUP?1
FF2E53H   FF2E55H   000003H   BYTE   UNIT     CODE           ?C_C51STARTUP?3
FF2E56H   FF2E6FH   00001AH   BYTE   INSEG    CODE           ?PR?OLED_POW?OLED
FF2E70H   FF2E89H   00001AH   BYTE   INSEG    CODE           ?PR?MEMSET?_?MEMSET
FF2E8AH   FF2EA2H   000019H   BYTE   INSEG    CODE           ?PR?BEEP?MAIN
FF2EA3H   FF2EBBH   000019H   BYTE   INSEG    CODE           ?PR?SENDNAK?STC32G_I2C
FF2EBCH   FF2ED3H   000018H   BYTE   INSEG    CODE           ?PR?SENDACK?STC32G_I2C
FF2ED4H   FF2EEBH   000018H   BYTE   INSEG    CODE           ?PR?SETTIMER2BAUDRAYE?USART3
FF2EECH   FF2F02H   000017H   BYTE   INSEG    CODE           ?PR?DELAY_MS?STC32G_DELAY
FF2F03H   FF2F19H   000017H   BYTE   INSEG    CODE           ?PR?SENDDATA?STC32G_I2C
FF2F1AH   FF2F30H   000017H   BYTE   INSEG    CODE           ?PR?WAIT?STC32G_I2C
FF2F31H   FF2F47H   000017H   BYTE   INSEG    CODE           ?PR?SENDCMDDATA?STC32G_I2C
FF2F48H   FF2F5CH   000015H   BYTE   INSEG    CODE           ?PR?OLED_DISPLAYON?OLED
FF2F5DH   FF2F71H   000015H   BYTE   INSEG    CODE           ?PR?OLED_DISPLAYOFF?OLED
FF2F72H   FF2F85H   000014H   BYTE   INSEG    CODE           ?PR?PRINTSTRING3?USART3
FF2F86H   FF2F95H   000010H   BYTE   INSEG    CODE           ?PR?OLED_BUFFCLEAR?OLED
FF2F96H   FF2FA5H   000010H   BYTE   INSEG    CODE           ?PR?START?STC32G_I2C
FF2FA6H   FF2FB5H   000010H   BYTE   INSEG    CODE           ?PR?STOP?STC32G_I2C
FF2FB6H   FF2FC5H   000010H   BYTE   INSEG    CODE           ?PR?RECVACK?STC32G_I2C
FF2FC6H   FF2FD3H   00000EH   BYTE   INSEG    CODE           ?PR?GET_MSBUSY_STATUS?STC32G_I2C
FF2FD4H   FF2FDEH   00000BH   BYTE   INSEG    CODE           ?PR?DELAY?OLED
FF2FDFH   FF2FE6H   000008H   BYTE   INSEG    CODE           ?PR?OLED_BUFFSHOW_NOINTERRUPT?OLED
FF2FE7H   FF2FEAH   000004H   BYTE   UNIT     CONST          ?CO?PRINTF
FF2FEBH   FF2FF3H   000009H   BYTE   UNIT     HCONST         ?HC?OLED



OVERLAY MAP OF MODULE:   .\Objects\project (main)


FUNCTION/MODULE                     EDATA_GROUP
--> CALLED FUNCTION/MODULE          START  STOP
===============================================
I2C_ISR_Handler/STC32G_I2C_Isr      ----- -----

*** NEW ROOT **********************

UART3_int/usart3                    ----- -----

*** NEW ROOT **********************

?C_C51STARTUP?1                     ----- -----

*** NEW ROOT **********************

?C_C51STARTUP                       ----- -----

*** NEW ROOT **********************

?C_C51STARTUP?3                     ----- -----
  +--> main/main

main/main                           ----- -----
  +--> GPIO_config/main
  +--> I2C_config/main
  +--> UART3_config/usart3
  +--> OLED_Init/oled
  +--> OLED_BuffClear/oled
  +--> OLED_BuffShowBMP/oled
  +--> OLED_BuffShow/oled
  +--> delay_ms/STC32G_Delay
  +--> OLED_BuffShowString/oled
L251 LINKER/LOCATER V4.66.93.0                                                        12/01/2024  22:47:41  PAGE 4


  +--> Beep/main

GPIO_config/main                    ----- -----

I2C_config/main                     008BH 0090H
  +--> I2C_Init/STC32G_I2C

I2C_Init/STC32G_I2C                 ----- -----

UART3_config/usart3                 ----- -----
  +--> SetTimer2Baudraye/usart3

SetTimer2Baudraye/usart3            ----- -----

OLED_Init/oled                      ----- -----
  +--> OLED_WR_Byte/oled
  +--> OLED_BuffClear/oled
  +--> OLED_BuffShow/oled
  +--> OLED_DisplayOn/oled

OLED_WR_Byte/oled                   008BH 008BH
  +--> I2C_WriteNbyte/STC32G_I2C

I2C_WriteNbyte/STC32G_I2C           008CH 008EH
  +--> Start/STC32G_I2C
  +--> SendData/STC32G_I2C
  +--> RecvACK/STC32G_I2C
  +--> Stop/STC32G_I2C

Start/STC32G_I2C                    ----- -----
  +--> Wait/STC32G_I2C

Wait/STC32G_I2C                     ----- -----

SendData/STC32G_I2C                 ----- -----
  +--> Wait/STC32G_I2C

RecvACK/STC32G_I2C                  ----- -----
  +--> Wait/STC32G_I2C

Stop/STC32G_I2C                     ----- -----
  +--> Wait/STC32G_I2C

OLED_BuffClear/oled                 ----- -----
  +--> memset?_/memset

memset?_/memset                     ----- -----

OLED_BuffShow/oled                  ----- -----
  +--> OLED_WR_Byte/oled

OLED_DisplayOn/oled                 ----- -----
  +--> OLED_WR_Byte/oled

OLED_BuffShowBMP/oled               ----- -----

delay_ms/STC32G_Delay               ----- -----

OLED_BuffShowString/oled            008BH 008FH
  +--> OLED_BuffShowChar/oled
  +--> OLED_BuffShowGBK/oled

OLED_BuffShowChar/oled              ----- -----

OLED_BuffShowGBK/oled               ----- -----
L251 LINKER/LOCATER V4.66.93.0                                                        12/01/2024  22:47:41  PAGE 5



Beep/main                           ----- -----
  +--> delay_ms/STC32G_Delay



PUBLIC SYMBOLS OF MODULE:  .\Objects\project (main)


      VALUE       CLASS    TYPE      PUBLIC SYMBOL NAME
      =================================================
      000000FFH   NUMBER   ---       ?C?CODESEG
      00FF1DD8H   CODE     ---       ?C?FPCONVERT
      00FF1F73H   CODE     ---       ?C?FPDIV
      00FF205BH   CODE     ---       ?C?FPGETOPN2
      00FF1ED3H   CODE     ---       ?C?FPMUL
      00FF2098H   CODE     ---       ?C?FPNANRESULT
      00FF20A0H   CODE     ---       ?C?FPOVERFLOW
      00FF2074H   CODE     ---       ?C?FPRESULT
      00FF208AH   CODE     ---       ?C?FPRESULT2
      00FF1E90H   CODE     ---       ?C?FPROUND
      00FF209DH   CODE     ---       ?C?FPUNDERFLOW
      00FF2024H   CODE     ---       ?C?FTNPWR
      00FF20DEH   CODE     ---       ?C?LMUL
      00FF19BBH   CODE     ---       ?C?PRNFMT
      00FF20ACH   CODE     ---       ?C?SIDIV
      00FF0000H   CODE     ---       ?C?STARTUP
      00000001H   NUMBER   ---       ?C?XDATASEG
      00FF0000H   CODE     ---       ?C_STARTUP
      0000008BH   EDATA    ---       ?sprintf?BYTE
*SFR* 000000BCH   DATA     BYTE      ADC_CONTR
*SFR* 000000DEH   DATA     BYTE      ADCCFG
      00FF03C6H   CODE     ---       Ascll_16
*SFR* 000000EFH   DATA     BYTE      AUXINTIF
*SFR* 0000008EH   DATA     BYTE      AUXR
*SFR* 00000097H   DATA     BYTE      AUXR2
      00000020H.0 BIT      BIT       B_TX3_Busy
      00FF2E8AH   CODE     ---       Beep
      00000020H.3 BIT      BIT       beep_Flag
*SFR* 000000EAH   DATA     BYTE      CKCON
*SFR* 000000E6H   DATA     BYTE      CMPCR1
*SFR* 000000E7H   DATA     BYTE      CMPCR2
      00FF2FD4H   CODE     ---       delay
      00FF2EECH   CODE     ---       delay_ms
      00000020H.4 BIT      BIT       DisplayFlag
*SFR* 000000A8H.7 DATA     BIT       EA
*SFR* 000000BAH.7 DATA     BIT       EAXFR
*SFR* 000000AFH.3 DATA     BIT       ES3
*SFR* 000000AFH.2 DATA     BIT       ET2
      00FF09B6H   CODE     ---       GBK16
      00FF2FC6H   CODE     ---       Get_MSBusy_Status
      00FF2CF9H   CODE     ---       GPIO_config
      00FF20EFH   CODE     ---       GPIO_Inilize
      00000014H   EDATA    ---       I2C_Buffer
      00FF2D7DH   CODE     ---       I2C_config
      00FF278EH   CODE     ---       I2C_Init
      00FF2448H   CODE     ---       I2C_ISR_Handler
      00FF2A4BH   CODE     ---       I2C_ReadNbyte
*SFR* 000000BAH.4 DATA     BIT       I2C_S0
*SFR* 000000BAH.5 DATA     BIT       I2C_S1
      00FF2C7DH   CODE     ---       I2C_WriteNbyte
      0000009DH   EDATA    ---       I2CIsr
*SFR* 000000C7H   DATA     BYTE      IAP_CONTR
*SFR* 000000A8H   DATA     BYTE      IE
*SFR* 000000AFH   DATA     BYTE      IE2
L251 LINKER/LOCATER V4.66.93.0                                                        12/01/2024  22:47:41  PAGE 6


      00FF2E1EH   CODE     ---       IIC_Init
*SFR* 0000008FH   DATA     BYTE      INTCLKO
*SFR* 000000B8H   DATA     BYTE      IP
*SFR* 000000B5H   DATA     BYTE      IP2
*SFR* 000000B6H   DATA     BYTE      IP2H
*SFR* 000000DFH   DATA     BYTE      IP3
*SFR* 000000EEH   DATA     BYTE      IP3H
*SFR* 000000B7H   DATA     BYTE      IPH
*SFR* 0000009DH   DATA     BYTE      IRCBAND
      00FF0D6EH   CODE     ---       LCD12864_IMG
      00000020H.1 BIT      BIT       led_Flag
      00FF00C6H   CODE     ---       lib_num1632
      00FF29D8H   CODE     ---       main
      00FF2E70H   CODE     ---       memset?_
      00FF156EH   CODE     ---       OLED12864_IMG
      00FF116EH   CODE     ---       OLED12864_ZWU_LOGO
      00FF2F86H   CODE     ---       OLED_BuffClear
      00FF2B4FH   CODE     ---       OLED_BuffShow
      00FF2FDFH   CODE     ---       OLED_BuffShow_NoInterrupt
      00FF2AA9H   CODE     ---       OLED_BuffShowBMP
      00FF2848H   CODE     ---       OLED_BuffShowChar
      00FF2957H   CODE     ---       OLED_BuffShowChar32
      00FF2345H   CODE     ---       OLED_BuffShowCircle
      00FF26D0H   CODE     ---       OLED_BuffShowGBK
      00FF260DH   CODE     ---       OLED_BuffShowLine
      00FF2B9EH   CODE     ---       OLED_BuffShowNum
      00FF2B00H   CODE     ---       OLED_BuffShowNum02F
      00FF2BEDH   CODE     ---       OLED_BuffShowPoint
      00FF008EH   CODE     ---       OLED_BuffShowRectangle
      00FF0003H   CODE     ---       OLED_BuffShowString
      00FF2DE4H   CODE     ---       OLED_ColorTurn
      00FF2F5DH   CODE     ---       OLED_DisplayOff
      00FF2F48H   CODE     ---       OLED_DisplayOn
      00FF2D2AH   CODE     ---       OLED_DisplayTurn
      00FF28D3H   CODE     ---       OLED_DrawBMP
      00FF2542H   CODE     ---       OLED_Init
      00FF2DA2H   CODE     ---       OLED_LightSet
      00FF2E56H   CODE     ---       oled_pow
      00FF2D56H   CODE     ---       OLED_Set_Pos
      00FF2DC5H   CODE     ---       OLED_WR_Byte
*SFR* 00000080H   DATA     BYTE      P0
*SFR* 00000094H   DATA     BYTE      P0M0
*SFR* 00000093H   DATA     BYTE      P0M1
*SFR* 00000090H   DATA     BYTE      P1
*SFR* 00000090H.2 DATA     BIT       P12
*SFR* 00000092H   DATA     BYTE      P1M0
*SFR* 00000091H   DATA     BYTE      P1M1
*SFR* 000000A0H   DATA     BYTE      P2
*SFR* 00000096H   DATA     BYTE      P2M0
*SFR* 00000095H   DATA     BYTE      P2M1
*SFR* 000000B0H   DATA     BYTE      P3
*SFR* 000000B2H   DATA     BYTE      P3M0
*SFR* 000000B1H   DATA     BYTE      P3M1
*SFR* 000000C0H   DATA     BYTE      P4
*SFR* 000000C0H.0 DATA     BIT       P40
*SFR* 000000B4H   DATA     BYTE      P4M0
*SFR* 000000B3H   DATA     BYTE      P4M1
*SFR* 000000C8H   DATA     BYTE      P5
*SFR* 000000CAH   DATA     BYTE      P5M0
*SFR* 000000C9H   DATA     BYTE      P5M1
*SFR* 000000E8H   DATA     BYTE      P6
*SFR* 000000CCH   DATA     BYTE      P6M0
*SFR* 000000CBH   DATA     BYTE      P6M1
*SFR* 000000F8H   DATA     BYTE      P7
*SFR* 000000E2H   DATA     BYTE      P7M0
L251 LINKER/LOCATER V4.66.93.0                                                        12/01/2024  22:47:41  PAGE 7


*SFR* 000000E1H   DATA     BYTE      P7M1
*SFR* 000000A2H   DATA     BYTE      P_SW1
*SFR* 000000BAH   DATA     BYTE      P_SW2
*SFR* 000000BBH   DATA     BYTE      P_SW3
*SFR* 000000BFH   DATA     BYTE      P_SW4
*SFR* 00000087H   DATA     BYTE      PCON
      00FF2F72H   CODE     ---       PrintString3
*SFR* 000000D0H   DATA     BYTE      PSW
*SFR* 000000D1H   DATA     BYTE      PSW1
      00000020H.2 BIT      BIT       Rec_Flag
      00FF2FB6H   CODE     ---       RecvACK
      00FF2E02H   CODE     ---       RecvData
*SFR* 000000FFH   DATA     BYTE      RSTCFG
      00000021H   EDATA    ---       RX3_Buffer
      00000061H   EDATA    BYTE      RX3_Cnt
*SFR* 0000009AH   DATA     BYTE      S2CON
*SFR* 000000BAH.1 DATA     BIT       S3_S
*SFR* 000000ADH   DATA     BYTE      S3BUF
*SFR* 000000ACH   DATA     BYTE      S3CON
*SFR* 000000ACH.0 DATA     BIT       S3RI
*SFR* 000000FDH   DATA     BYTE      S4CON
*SFR* 00000098H   DATA     BYTE      SCON
      00FF2EBCH   CODE     ---       SendACK
      00FF2F31H   CODE     ---       SendCmdData
      00FF2F03H   CODE     ---       SendData
      00FF2EA3H   CODE     ---       SendNAK
      00FF2ED4H   CODE     ---       SetTimer2Baudraye
      00010000H   XDATA    ---       ShowBUFF
*SFR* 000000CEH   DATA     BYTE      SPCTL
      00FF196EH   CODE     NEAR LAB  sprintf
*SFR* 000000CDH   DATA     BYTE      SPSTAT
      00FF2F96H   CODE     ---       Start
      00FF2FA6H   CODE     ---       Stop
*SFR* 0000008EH.3 DATA     BIT       T2_CT
*SFR* 000000D6H   DATA     BYTE      T2H
*SFR* 000000D7H   DATA     BYTE      T2L
*SFR* 0000008EH.4 DATA     BIT       T2R
*SFR* 0000008EH.2 DATA     BIT       T2x12
*SFR* 000000DDH.2 DATA     BIT       T3_CT
*SFR* 000000D4H   DATA     BYTE      T3H
*SFR* 000000D5H   DATA     BYTE      T3L
*SFR* 000000DDH.3 DATA     BIT       T3R
*SFR* 000000DDH.1 DATA     BIT       T3x12
*SFR* 000000DDH   DATA     BYTE      T4T3M
*SFR* 00000088H   DATA     BYTE      TCON
*SFR* 00000089H   DATA     BYTE      TMOD
      00000062H   EDATA    BYTE      TX3_Cnt
      00FF2CC0H   CODE     ---       UART3_config
      00FF2C36H   CODE     ---       UART3_int
*SFR* 000000F4H   DATA     BYTE      USBCON
      00FF2F1AH   CODE     ---       Wait
*SFR* 000000C1H   DATA     BYTE      WDT_CONTR
*SFR* 000000ABH   DATA     BYTE      WKTCH
*SFR* 000000E9H   DATA     BYTE      WTST



SYMBOL TABLE OF MODULE:  .\Objects\project (main)

      VALUE       REP       CLASS    TYPE      SYMBOL NAME
      ====================================================
      ---         MODULE    ---      ---       main
      00FF2CF9H   PUBLIC    CODE     ---       GPIO_config
      00FF2D7DH   PUBLIC    CODE     ---       I2C_config
      00FF29D8H   PUBLIC    CODE     ---       main
L251 LINKER/LOCATER V4.66.93.0                                                        12/01/2024  22:47:41  PAGE 8


      00FF2E8AH   PUBLIC    CODE     ---       Beep
      00FF0D6EH   PUBLIC    CODE     ---       LCD12864_IMG
      00FF116EH   PUBLIC    CODE     ---       OLED12864_ZWU_LOGO
      00FF156EH   PUBLIC    CODE     ---       OLED12864_IMG
      00000094H   SFRSYM    DATA     BYTE      P0M0
      000000D0H   SFRSYM    DATA     BYTE      PSW
      000000BAH.7 SFRSYM    DATA     BIT       EAXFR
      0000009DH   SFRSYM    DATA     BYTE      IRCBAND
      00000097H   SFRSYM    DATA     BYTE      AUXR2
      000000EAH   SFRSYM    DATA     BYTE      CKCON
      000000EFH   SFRSYM    DATA     BYTE      AUXINTIF
      000000FDH   SFRSYM    DATA     BYTE      S4CON
      000000ACH   SFRSYM    DATA     BYTE      S3CON
      0000009AH   SFRSYM    DATA     BYTE      S2CON
      000000B7H   SFRSYM    DATA     BYTE      IPH
      000000CDH   SFRSYM    DATA     BYTE      SPSTAT
      000000DDH   SFRSYM    DATA     BYTE      T4T3M
      000000C1H   SFRSYM    DATA     BYTE      WDT_CONTR
      000000E9H   SFRSYM    DATA     BYTE      WTST
      000000DFH   SFRSYM    DATA     BYTE      IP3
      000000F4H   SFRSYM    DATA     BYTE      USBCON
      000000B5H   SFRSYM    DATA     BYTE      IP2
      000000FFH   SFRSYM    DATA     BYTE      RSTCFG
      000000C7H   SFRSYM    DATA     BYTE      IAP_CONTR
      0000008EH   SFRSYM    DATA     BYTE      AUXR
      000000AFH   SFRSYM    DATA     BYTE      IE2
      00000088H   SFRSYM    DATA     BYTE      TCON
      00000089H   SFRSYM    DATA     BYTE      TMOD
      00000098H   SFRSYM    DATA     BYTE      SCON
      000000C0H.0 SFRSYM    DATA     BIT       P40
      00000090H.2 SFRSYM    DATA     BIT       P12
      00000087H   SFRSYM    DATA     BYTE      PCON
      000000BCH   SFRSYM    DATA     BYTE      ADC_CONTR
      000000D1H   SFRSYM    DATA     BYTE      PSW1
      000000E7H   SFRSYM    DATA     BYTE      CMPCR2
      000000E6H   SFRSYM    DATA     BYTE      CMPCR1
      000000DEH   SFRSYM    DATA     BYTE      ADCCFG
      000000B8H   SFRSYM    DATA     BYTE      IP
      0000008FH   SFRSYM    DATA     BYTE      INTCLKO
      000000EEH   SFRSYM    DATA     BYTE      IP3H
      000000B6H   SFRSYM    DATA     BYTE      IP2H
      000000BFH   SFRSYM    DATA     BYTE      P_SW4
      000000A8H   SFRSYM    DATA     BYTE      IE
      000000BBH   SFRSYM    DATA     BYTE      P_SW3
      000000BAH   SFRSYM    DATA     BYTE      P_SW2
      000000A2H   SFRSYM    DATA     BYTE      P_SW1
      000000CEH   SFRSYM    DATA     BYTE      SPCTL
      000000F8H   SFRSYM    DATA     BYTE      P7
      000000A8H.7 SFRSYM    DATA     BIT       EA
      000000E1H   SFRSYM    DATA     BYTE      P7M1
      000000E8H   SFRSYM    DATA     BYTE      P6
      000000C8H   SFRSYM    DATA     BYTE      P5
      000000CBH   SFRSYM    DATA     BYTE      P6M1
      000000E2H   SFRSYM    DATA     BYTE      P7M0
      000000C0H   SFRSYM    DATA     BYTE      P4
      000000C9H   SFRSYM    DATA     BYTE      P5M1
      000000CCH   SFRSYM    DATA     BYTE      P6M0
      000000ABH   SFRSYM    DATA     BYTE      WKTCH
      000000B0H   SFRSYM    DATA     BYTE      P3
      000000B3H   SFRSYM    DATA     BYTE      P4M1
      000000CAH   SFRSYM    DATA     BYTE      P5M0
      000000A0H   SFRSYM    DATA     BYTE      P2
      000000B1H   SFRSYM    DATA     BYTE      P3M1
      000000B4H   SFRSYM    DATA     BYTE      P4M0
      00000090H   SFRSYM    DATA     BYTE      P1
L251 LINKER/LOCATER V4.66.93.0                                                        12/01/2024  22:47:41  PAGE 9


      00000095H   SFRSYM    DATA     BYTE      P2M1
      000000B2H   SFRSYM    DATA     BYTE      P3M0
      00000080H   SFRSYM    DATA     BYTE      P0
      00000091H   SFRSYM    DATA     BYTE      P1M1
      00000096H   SFRSYM    DATA     BYTE      P2M0
      00000092H   SFRSYM    DATA     BYTE      P1M0
      00000093H   SFRSYM    DATA     BYTE      P0M1

      00FF2CF9H   BLOCK     CODE     ---       LVL=0
      00FF2CF9H   LINE      CODE     ---       #12
      00FF2CF9H   LINE      CODE     ---       #14
      00FF2CFFH   LINE      CODE     ---       #15
      00FF2D05H   LINE      CODE     ---       #16
      00FF2D0BH   LINE      CODE     ---       #17
      00FF2D11H   LINE      CODE     ---       #18
      00FF2D17H   LINE      CODE     ---       #19
      00FF2D1DH   LINE      CODE     ---       #20
      00FF2D23H   LINE      CODE     ---       #21
      00FF2D29H   LINE      CODE     ---       #22
      ---         BLOCKEND  ---      ---       LVL=0

      00FF2D7DH   BLOCK     CODE     ---       LVL=0
      0000008BH   SYMBOL    EDATA    ---       I2C_InitStructure
      00FF2D7DH   LINE      CODE     ---       #24
      00FF2D7DH   LINE      CODE     ---       #25
      00FF2D7DH   LINE      CODE     ---       #27
      00FF2D83H   LINE      CODE     ---       #28
      00FF2D87H   LINE      CODE     ---       #29
      00FF2D8DH   LINE      CODE     ---       #30
      00FF2D92H   LINE      CODE     ---       #31
      00FF2D99H   LINE      CODE     ---       #33
      00FF2DA1H   LINE      CODE     ---       #34
      ---         BLOCKEND  ---      ---       LVL=0

      00FF29D8H   BLOCK     CODE     ---       LVL=0
      00FF29D8H   LINE      CODE     ---       #37
      00FF29D8H   LINE      CODE     ---       #40
      00FF29DBH   LINE      CODE     ---       #41
      00FF29DEH   LINE      CODE     ---       #42
      00FF29E1H   LINE      CODE     ---       #44
      00FF29E4H   LINE      CODE     ---       #45
      00FF29E7H   LINE      CODE     ---       #46
      00FF29EBH   LINE      CODE     ---       #47
      00FF29EDH   LINE      CODE     ---       #51
      00FF29F0H   LINE      CODE     ---       #52
      00FF29F3H   LINE      CODE     ---       #53
      00FF2A07H   LINE      CODE     ---       #54
      00FF2A0AH   LINE      CODE     ---       #55
      00FF2A11H   LINE      CODE     ---       #56
      00FF2A14H   LINE      CODE     ---       #58
      00FF2A14H   LINE      CODE     ---       #60
      00FF2A16H   LINE      CODE     ---       #61
      00FF2A19H   LINE      CODE     ---       #62
      00FF2A1CH   LINE      CODE     ---       #64
      00FF2A1FH   LINE      CODE     ---       #65
      00FF2A2BH   LINE      CODE     ---       #66
      00FF2A2EH   LINE      CODE     ---       #67
      00FF2A35H   LINE      CODE     ---       #68
      00FF2A37H   LINE      CODE     ---       #69
      00FF2A37H   LINE      CODE     ---       #70
      00FF2A3AH   LINE      CODE     ---       #72
      00FF2A3CH   LINE      CODE     ---       #73
      00FF2A3FH   LINE      CODE     ---       #74
      00FF2A41H   LINE      CODE     ---       #75
      00FF2A41H   LINE      CODE     ---       #76
L251 LINKER/LOCATER V4.66.93.0                                                        12/01/2024  22:47:41  PAGE 10


      00FF2A44H   LINE      CODE     ---       #78
      00FF2A47H   LINE      CODE     ---       #79
      00FF2A49H   LINE      CODE     ---       #80
      ---         BLOCKEND  ---      ---       LVL=0

      00FF2E8AH   BLOCK     CODE     ---       LVL=0
      00FF2E8CH   BLOCK     CODE     NEAR LAB  LVL=1
      R15         REGSYM    ---      BYTE      i
      ---         BLOCKEND  ---      ---       LVL=1
      00FF2E8AH   LINE      CODE     ---       #98
      00FF2E8CH   LINE      CODE     ---       #99
      00FF2E8CH   LINE      CODE     ---       #101
      00FF2E8EH   LINE      CODE     ---       #102
      00FF2E90H   LINE      CODE     ---       #104
      00FF2E92H   LINE      CODE     ---       #105
      00FF2E99H   LINE      CODE     ---       #106
      00FF2EA0H   LINE      CODE     ---       #107
      ---         BLOCKEND  ---      ---       LVL=0

      ---         MODULE    ---      ---       STC32G_Delay
      00FF2EECH   PUBLIC    CODE     ---       delay_ms
      000000D0H   SFRSYM    DATA     BYTE      PSW
      0000009DH   SFRSYM    DATA     BYTE      IRCBAND
      00000097H   SFRSYM    DATA     BYTE      AUXR2
      000000EFH   SFRSYM    DATA     BYTE      AUXINTIF
      000000FDH   SFRSYM    DATA     BYTE      S4CON
      000000ACH   SFRSYM    DATA     BYTE      S3CON
      0000009AH   SFRSYM    DATA     BYTE      S2CON
      000000B7H   SFRSYM    DATA     BYTE      IPH
      000000CDH   SFRSYM    DATA     BYTE      SPSTAT
      000000DDH   SFRSYM    DATA     BYTE      T4T3M
      000000C1H   SFRSYM    DATA     BYTE      WDT_CONTR
      000000DFH   SFRSYM    DATA     BYTE      IP3
      000000F4H   SFRSYM    DATA     BYTE      USBCON
      000000B5H   SFRSYM    DATA     BYTE      IP2
      000000FFH   SFRSYM    DATA     BYTE      RSTCFG
      000000C7H   SFRSYM    DATA     BYTE      IAP_CONTR
      0000008EH   SFRSYM    DATA     BYTE      AUXR
      000000AFH   SFRSYM    DATA     BYTE      IE2
      00000088H   SFRSYM    DATA     BYTE      TCON
      00000089H   SFRSYM    DATA     BYTE      TMOD
      00000098H   SFRSYM    DATA     BYTE      SCON
      00000087H   SFRSYM    DATA     BYTE      PCON
      000000BCH   SFRSYM    DATA     BYTE      ADC_CONTR
      000000D1H   SFRSYM    DATA     BYTE      PSW1
      000000E7H   SFRSYM    DATA     BYTE      CMPCR2
      000000E6H   SFRSYM    DATA     BYTE      CMPCR1
      000000DEH   SFRSYM    DATA     BYTE      ADCCFG
      000000B8H   SFRSYM    DATA     BYTE      IP
      0000008FH   SFRSYM    DATA     BYTE      INTCLKO
      000000EEH   SFRSYM    DATA     BYTE      IP3H
      000000B6H   SFRSYM    DATA     BYTE      IP2H
      000000BFH   SFRSYM    DATA     BYTE      P_SW4
      000000A8H   SFRSYM    DATA     BYTE      IE
      000000BBH   SFRSYM    DATA     BYTE      P_SW3
      000000BAH   SFRSYM    DATA     BYTE      P_SW2
      000000A2H   SFRSYM    DATA     BYTE      P_SW1
      000000CEH   SFRSYM    DATA     BYTE      SPCTL
      000000F8H   SFRSYM    DATA     BYTE      P7
      000000E8H   SFRSYM    DATA     BYTE      P6
      000000C8H   SFRSYM    DATA     BYTE      P5
      000000C0H   SFRSYM    DATA     BYTE      P4
      000000ABH   SFRSYM    DATA     BYTE      WKTCH
      000000B0H   SFRSYM    DATA     BYTE      P3
      000000A0H   SFRSYM    DATA     BYTE      P2
L251 LINKER/LOCATER V4.66.93.0                                                        12/01/2024  22:47:41  PAGE 11


      00000090H   SFRSYM    DATA     BYTE      P1
      00000080H   SFRSYM    DATA     BYTE      P0

      00FF2EECH   BLOCK     CODE     ---       LVL=0
      WR4         REGSYM    ---      WORD      ms
      00FF2EEEH   BLOCK     CODE     NEAR LAB  LVL=1
      WR6         REGSYM    ---      WORD      i
      ---         BLOCKEND  ---      ---       LVL=1
      00FF2EECH   LINE      CODE     ---       #25
      00FF2EEEH   LINE      CODE     ---       #26
      00FF2EEEH   LINE      CODE     ---       #28
      00FF2EEEH   LINE      CODE     ---       #29
      00FF2EF2H   LINE      CODE     ---       #30
      00FF2EFAH   LINE      CODE     ---       #31
      00FF2F02H   LINE      CODE     ---       #32
      ---         BLOCKEND  ---      ---       LVL=0

      ---         MODULE    ---      ---       STC32G_GPIO
      00FF20EFH   PUBLIC    CODE     ---       GPIO_Inilize
      00000094H   SFRSYM    DATA     BYTE      P0M0
      000000D0H   SFRSYM    DATA     BYTE      PSW
      0000009DH   SFRSYM    DATA     BYTE      IRCBAND
      00000097H   SFRSYM    DATA     BYTE      AUXR2
      000000EFH   SFRSYM    DATA     BYTE      AUXINTIF
      000000FDH   SFRSYM    DATA     BYTE      S4CON
      000000ACH   SFRSYM    DATA     BYTE      S3CON
      0000009AH   SFRSYM    DATA     BYTE      S2CON
      000000B7H   SFRSYM    DATA     BYTE      IPH
      000000CDH   SFRSYM    DATA     BYTE      SPSTAT
      000000DDH   SFRSYM    DATA     BYTE      T4T3M
      000000C1H   SFRSYM    DATA     BYTE      WDT_CONTR
      000000DFH   SFRSYM    DATA     BYTE      IP3
      000000F4H   SFRSYM    DATA     BYTE      USBCON
      000000B5H   SFRSYM    DATA     BYTE      IP2
      000000FFH   SFRSYM    DATA     BYTE      RSTCFG
      000000C7H   SFRSYM    DATA     BYTE      IAP_CONTR
      0000008EH   SFRSYM    DATA     BYTE      AUXR
      000000AFH   SFRSYM    DATA     BYTE      IE2
      00000088H   SFRSYM    DATA     BYTE      TCON
      00000089H   SFRSYM    DATA     BYTE      TMOD
      00000098H   SFRSYM    DATA     BYTE      SCON
      00000087H   SFRSYM    DATA     BYTE      PCON
      000000BCH   SFRSYM    DATA     BYTE      ADC_CONTR
      000000D1H   SFRSYM    DATA     BYTE      PSW1
      000000E7H   SFRSYM    DATA     BYTE      CMPCR2
      000000E6H   SFRSYM    DATA     BYTE      CMPCR1
      000000DEH   SFRSYM    DATA     BYTE      ADCCFG
      000000B8H   SFRSYM    DATA     BYTE      IP
      0000008FH   SFRSYM    DATA     BYTE      INTCLKO
      000000EEH   SFRSYM    DATA     BYTE      IP3H
      000000B6H   SFRSYM    DATA     BYTE      IP2H
      000000BFH   SFRSYM    DATA     BYTE      P_SW4
      000000A8H   SFRSYM    DATA     BYTE      IE
      000000BBH   SFRSYM    DATA     BYTE      P_SW3
      000000BAH   SFRSYM    DATA     BYTE      P_SW2
      000000A2H   SFRSYM    DATA     BYTE      P_SW1
      000000CEH   SFRSYM    DATA     BYTE      SPCTL
      000000F8H   SFRSYM    DATA     BYTE      P7
      000000E1H   SFRSYM    DATA     BYTE      P7M1
      000000E8H   SFRSYM    DATA     BYTE      P6
      000000C8H   SFRSYM    DATA     BYTE      P5
      000000CBH   SFRSYM    DATA     BYTE      P6M1
      000000E2H   SFRSYM    DATA     BYTE      P7M0
      000000C0H   SFRSYM    DATA     BYTE      P4
      000000C9H   SFRSYM    DATA     BYTE      P5M1
L251 LINKER/LOCATER V4.66.93.0                                                        12/01/2024  22:47:41  PAGE 12


      000000CCH   SFRSYM    DATA     BYTE      P6M0
      000000ABH   SFRSYM    DATA     BYTE      WKTCH
      000000B0H   SFRSYM    DATA     BYTE      P3
      000000B3H   SFRSYM    DATA     BYTE      P4M1
      000000CAH   SFRSYM    DATA     BYTE      P5M0
      000000A0H   SFRSYM    DATA     BYTE      P2
      000000B1H   SFRSYM    DATA     BYTE      P3M1
      000000B4H   SFRSYM    DATA     BYTE      P4M0
      00000090H   SFRSYM    DATA     BYTE      P1
      00000095H   SFRSYM    DATA     BYTE      P2M1
      000000B2H   SFRSYM    DATA     BYTE      P3M0
      00000080H   SFRSYM    DATA     BYTE      P0
      00000091H   SFRSYM    DATA     BYTE      P1M1
      00000096H   SFRSYM    DATA     BYTE      P2M0
      00000092H   SFRSYM    DATA     BYTE      P1M0
      00000093H   SFRSYM    DATA     BYTE      P0M1

      00FF20EFH   BLOCK     CODE     ---       LVL=0
      R10         REGSYM    ---      BYTE      GPIO
      REG=0       REGSYM    ---      ---       GPIOx
      00FF20EFH   LINE      CODE     ---       #23
      00FF20F1H   LINE      CODE     ---       #25
      00FF20F9H   LINE      CODE     ---       #26
      00FF2104H   LINE      CODE     ---       #27
      00FF2108H   LINE      CODE     ---       #29
      00FF211BH   LINE      CODE     ---       #30
      00FF212BH   LINE      CODE     ---       #31
      00FF2139H   LINE      CODE     ---       #32
      00FF214BH   LINE      CODE     ---       #33
      00FF214BH   LINE      CODE     ---       #34
      00FF2150H   LINE      CODE     ---       #36
      00FF2163H   LINE      CODE     ---       #37
      00FF2173H   LINE      CODE     ---       #38
      00FF2181H   LINE      CODE     ---       #39
      00FF2193H   LINE      CODE     ---       #40
      00FF2193H   LINE      CODE     ---       #41
      00FF2198H   LINE      CODE     ---       #43
      00FF21ABH   LINE      CODE     ---       #44
      00FF21BBH   LINE      CODE     ---       #45
      00FF21C9H   LINE      CODE     ---       #46
      00FF21DBH   LINE      CODE     ---       #47
      00FF21DBH   LINE      CODE     ---       #48
      00FF21E0H   LINE      CODE     ---       #50
      00FF21F3H   LINE      CODE     ---       #51
      00FF2203H   LINE      CODE     ---       #52
      00FF2211H   LINE      CODE     ---       #53
      00FF2223H   LINE      CODE     ---       #54
      00FF2223H   LINE      CODE     ---       #55
      00FF2228H   LINE      CODE     ---       #57
      00FF223BH   LINE      CODE     ---       #58
      00FF224BH   LINE      CODE     ---       #59
      00FF2259H   LINE      CODE     ---       #60
      00FF226BH   LINE      CODE     ---       #61
      00FF226BH   LINE      CODE     ---       #62
      00FF2270H   LINE      CODE     ---       #64
      00FF2283H   LINE      CODE     ---       #65
      00FF2293H   LINE      CODE     ---       #66
      00FF22A1H   LINE      CODE     ---       #67
      00FF22B3H   LINE      CODE     ---       #68
      00FF22B3H   LINE      CODE     ---       #69
      00FF22B8H   LINE      CODE     ---       #71
      00FF22CBH   LINE      CODE     ---       #72
      00FF22DBH   LINE      CODE     ---       #73
      00FF22E9H   LINE      CODE     ---       #74
      00FF22FBH   LINE      CODE     ---       #75
L251 LINKER/LOCATER V4.66.93.0                                                        12/01/2024  22:47:41  PAGE 13


      00FF22FBH   LINE      CODE     ---       #76
      00FF2300H   LINE      CODE     ---       #78
      00FF2313H   LINE      CODE     ---       #79
      00FF2323H   LINE      CODE     ---       #80
      00FF2331H   LINE      CODE     ---       #81
      00FF2343H   LINE      CODE     ---       #82
      00FF2343H   LINE      CODE     ---       #83
      00FF2344H   LINE      CODE     ---       #84
      ---         BLOCKEND  ---      ---       LVL=0

      ---         MODULE    ---      ---       oled
      00FF26D0H   PUBLIC    CODE     ---       OLED_BuffShowGBK
      00FF2345H   PUBLIC    CODE     ---       OLED_BuffShowCircle
      00FF2B00H   PUBLIC    CODE     ---       OLED_BuffShowNum02F
      00FF2D2AH   PUBLIC    CODE     ---       OLED_DisplayTurn
      00FF2AA9H   PUBLIC    CODE     ---       OLED_BuffShowBMP
      00FF2FD4H   PUBLIC    CODE     ---       delay
      00FF2957H   PUBLIC    CODE     ---       OLED_BuffShowChar32
      00FF2542H   PUBLIC    CODE     ---       OLED_Init
      00FF2F48H   PUBLIC    CODE     ---       OLED_DisplayOn
      00FF2FDFH   PUBLIC    CODE     ---       OLED_BuffShow_NoInterrupt
      00FF2DC5H   PUBLIC    CODE     ---       OLED_WR_Byte
      00FF0003H   PUBLIC    CODE     ---       OLED_BuffShowString
      00FF2B4FH   PUBLIC    CODE     ---       OLED_BuffShow
      00FF2DA2H   PUBLIC    CODE     ---       OLED_LightSet
      00FF2848H   PUBLIC    CODE     ---       OLED_BuffShowChar
      00FF2DE4H   PUBLIC    CODE     ---       OLED_ColorTurn
      00FF260DH   PUBLIC    CODE     ---       OLED_BuffShowLine
      00FF2BEDH   PUBLIC    CODE     ---       OLED_BuffShowPoint
      00FF2D56H   PUBLIC    CODE     ---       OLED_Set_Pos
      00FF008EH   PUBLIC    CODE     ---       OLED_BuffShowRectangle
      00FF2E56H   PUBLIC    CODE     ---       oled_pow
      00FF2B9EH   PUBLIC    CODE     ---       OLED_BuffShowNum
      00FF2F86H   PUBLIC    CODE     ---       OLED_BuffClear
      00FF28D3H   PUBLIC    CODE     ---       OLED_DrawBMP
      00FF2F5DH   PUBLIC    CODE     ---       OLED_DisplayOff
      00FF00C6H   PUBLIC    CODE     ---       lib_num1632
      00FF03C6H   PUBLIC    CODE     ---       Ascll_16
      00FF09B6H   PUBLIC    CODE     ---       GBK16
      00010000H   PUBLIC    XDATA    ---       ShowBUFF
      000000D0H   SFRSYM    DATA     BYTE      PSW
      0000009DH   SFRSYM    DATA     BYTE      IRCBAND
      00000097H   SFRSYM    DATA     BYTE      AUXR2
      000000EFH   SFRSYM    DATA     BYTE      AUXINTIF
      000000FDH   SFRSYM    DATA     BYTE      S4CON
      000000ACH   SFRSYM    DATA     BYTE      S3CON
      0000009AH   SFRSYM    DATA     BYTE      S2CON
      000000B7H   SFRSYM    DATA     BYTE      IPH
      000000CDH   SFRSYM    DATA     BYTE      SPSTAT
      000000DDH   SFRSYM    DATA     BYTE      T4T3M
      000000C1H   SFRSYM    DATA     BYTE      WDT_CONTR
      000000DFH   SFRSYM    DATA     BYTE      IP3
      000000F4H   SFRSYM    DATA     BYTE      USBCON
      000000B5H   SFRSYM    DATA     BYTE      IP2
      000000FFH   SFRSYM    DATA     BYTE      RSTCFG
      000000C7H   SFRSYM    DATA     BYTE      IAP_CONTR
      0000008EH   SFRSYM    DATA     BYTE      AUXR
      000000AFH   SFRSYM    DATA     BYTE      IE2
      00000088H   SFRSYM    DATA     BYTE      TCON
      00000089H   SFRSYM    DATA     BYTE      TMOD
      00000098H   SFRSYM    DATA     BYTE      SCON
      00000087H   SFRSYM    DATA     BYTE      PCON
      000000BCH   SFRSYM    DATA     BYTE      ADC_CONTR
      000000D1H   SFRSYM    DATA     BYTE      PSW1
      000000E7H   SFRSYM    DATA     BYTE      CMPCR2
L251 LINKER/LOCATER V4.66.93.0                                                        12/01/2024  22:47:41  PAGE 14


      000000E6H   SFRSYM    DATA     BYTE      CMPCR1
      000000DEH   SFRSYM    DATA     BYTE      ADCCFG
      000000B8H   SFRSYM    DATA     BYTE      IP
      0000008FH   SFRSYM    DATA     BYTE      INTCLKO
      000000EEH   SFRSYM    DATA     BYTE      IP3H
      000000B6H   SFRSYM    DATA     BYTE      IP2H
      000000BFH   SFRSYM    DATA     BYTE      P_SW4
      000000A8H   SFRSYM    DATA     BYTE      IE
      000000BBH   SFRSYM    DATA     BYTE      P_SW3
      000000BAH   SFRSYM    DATA     BYTE      P_SW2
      000000A2H   SFRSYM    DATA     BYTE      P_SW1
      000000CEH   SFRSYM    DATA     BYTE      SPCTL
      000000F8H   SFRSYM    DATA     BYTE      P7
      000000A8H.7 SFRSYM    DATA     BIT       EA
      000000E8H   SFRSYM    DATA     BYTE      P6
      000000C8H   SFRSYM    DATA     BYTE      P5
      000000C0H   SFRSYM    DATA     BYTE      P4
      000000ABH   SFRSYM    DATA     BYTE      WKTCH
      000000B0H   SFRSYM    DATA     BYTE      P3
      000000A0H   SFRSYM    DATA     BYTE      P2
      00000090H   SFRSYM    DATA     BYTE      P1
      00000080H   SFRSYM    DATA     BYTE      P0

      00FF2FD4H   BLOCK     CODE     ---       LVL=0
      WR6         REGSYM    ---      INT       i
      00FF2FD4H   LINE      CODE     ---       #18
      00FF2FD4H   LINE      CODE     ---       #19
      00FF2FD4H   LINE      CODE     ---       #22
      00FF2FDEH   LINE      CODE     ---       #23
      ---         BLOCKEND  ---      ---       LVL=0

      00FF2DC5H   BLOCK     CODE     ---       LVL=0
      R11         REGSYM    ---      BYTE      dat
      R6          REGSYM    ---      BYTE      cmd
      00FF2DC7H   BLOCK     CODE     NEAR LAB  LVL=1
      0000008BH   SYMBOL    EDATA    ---       udat
      ---         BLOCKEND  ---      ---       LVL=1
      00FF2DC5H   LINE      CODE     ---       #54
      00FF2DC7H   LINE      CODE     ---       #55
      00FF2DC7H   LINE      CODE     ---       #57
      00FF2DCBH   LINE      CODE     ---       #58
      00FF2DCFH   LINE      CODE     ---       #59
      00FF2DD6H   LINE      CODE     ---       #61
      ---         BLOCKEND  ---      ---       LVL=0

      00FF2542H   BLOCK     CODE     ---       LVL=0
      00FF2542H   LINE      CODE     ---       #74
      00FF2542H   LINE      CODE     ---       #81
      00FF2549H   LINE      CODE     ---       #82
      00FF254FH   LINE      CODE     ---       #83
      00FF2556H   LINE      CODE     ---       #84
      00FF255DH   LINE      CODE     ---       #85
      00FF2564H   LINE      CODE     ---       #86
      00FF256BH   LINE      CODE     ---       #87
      00FF2572H   LINE      CODE     ---       #88
      00FF2579H   LINE      CODE     ---       #89
      00FF2580H   LINE      CODE     ---       #90
      00FF2587H   LINE      CODE     ---       #91
      00FF258EH   LINE      CODE     ---       #92
      00FF2595H   LINE      CODE     ---       #93
      00FF259BH   LINE      CODE     ---       #94
      00FF25A2H   LINE      CODE     ---       #95
      00FF25A9H   LINE      CODE     ---       #96
      00FF25B0H   LINE      CODE     ---       #97
      00FF25B7H   LINE      CODE     ---       #98
L251 LINKER/LOCATER V4.66.93.0                                                        12/01/2024  22:47:41  PAGE 15


      00FF25BEH   LINE      CODE     ---       #99
      00FF25C5H   LINE      CODE     ---       #100
      00FF25CCH   LINE      CODE     ---       #101
      00FF25D3H   LINE      CODE     ---       #102
      00FF25DAH   LINE      CODE     ---       #103
      00FF25E1H   LINE      CODE     ---       #104
      00FF25E8H   LINE      CODE     ---       #105
      00FF25EFH   LINE      CODE     ---       #106
      00FF25F6H   LINE      CODE     ---       #107
      00FF25FDH   LINE      CODE     ---       #108
      00FF2604H   LINE      CODE     ---       #109
      00FF2607H   LINE      CODE     ---       #110
      00FF260AH   LINE      CODE     ---       #111
      ---         BLOCKEND  ---      ---       LVL=0

      00FF2DE4H   BLOCK     CODE     ---       LVL=0
      R15         REGSYM    ---      BYTE      i
      00FF2DE4H   LINE      CODE     ---       #116
      00FF2DE8H   LINE      CODE     ---       #118
      00FF2DECH   LINE      CODE     ---       #120
      00FF2DF3H   LINE      CODE     ---       #121
      00FF2DF3H   LINE      CODE     ---       #122
      00FF2DF8H   LINE      CODE     ---       #124
      00FF2DFFH   LINE      CODE     ---       #125
      ---         BLOCKEND  ---      ---       LVL=0

      00FF2D2AH   BLOCK     CODE     ---       LVL=0
      R15         REGSYM    ---      BYTE      i
      00FF2D2AH   LINE      CODE     ---       #129
      00FF2D2EH   LINE      CODE     ---       #131
      00FF2D32H   LINE      CODE     ---       #133
      00FF2D39H   LINE      CODE     ---       #134
      00FF2D40H   LINE      CODE     ---       #135
      00FF2D40H   LINE      CODE     ---       #136
      00FF2D45H   LINE      CODE     ---       #138
      00FF2D4CH   LINE      CODE     ---       #139
      00FF2D53H   LINE      CODE     ---       #140
      ---         BLOCKEND  ---      ---       LVL=0

      00FF2D56H   BLOCK     CODE     ---       LVL=0
      R15         REGSYM    ---      BYTE      x
      R10         REGSYM    ---      BYTE      y
      00FF2D56H   LINE      CODE     ---       #154
      00FF2D5AH   LINE      CODE     ---       #156
      00FF2D63H   LINE      CODE     ---       #157
      00FF2D71H   LINE      CODE     ---       #158
      00FF2D7AH   LINE      CODE     ---       #159
      ---         BLOCKEND  ---      ---       LVL=0

      00FF28D3H   BLOCK     CODE     ---       LVL=0
      00000091H   SYMBOL    EDATA    BYTE      x0
      00000092H   SYMBOL    EDATA    BYTE      y0
      00000093H   SYMBOL    EDATA    BYTE      x1
      00000094H   SYMBOL    EDATA    BYTE      y1
      REG=3       REGSYM    ---      ---       BMP
      00FF28E7H   BLOCK     CODE     NEAR LAB  LVL=1
      00010414H   SYMBOL    XDATA    WORD      j
      00010416H   SYMBOL    XDATA    BYTE      x
      00000095H   SYMBOL    EDATA    BYTE      y
      ---         BLOCKEND  ---      ---       LVL=1
      00FF28D3H   LINE      CODE     ---       #172
      00FF28E7H   LINE      CODE     ---       #173
      00FF28E7H   LINE      CODE     ---       #174
      00FF28EFH   LINE      CODE     ---       #177
      00FF28F9H   LINE      CODE     ---       #179
L251 LINKER/LOCATER V4.66.93.0                                                        12/01/2024  22:47:41  PAGE 16


      00FF2904H   LINE      CODE     ---       #180
      00FF290BH   LINE      CODE     ---       #182
      00FF2925H   LINE      CODE     ---       #183
      00FF2935H   LINE      CODE     ---       #184
      00FF2954H   LINE      CODE     ---       #185
      ---         BLOCKEND  ---      ---       LVL=0

      00FF2F48H   BLOCK     CODE     ---       LVL=0
      00FF2F48H   LINE      CODE     ---       #197
      00FF2F48H   LINE      CODE     ---       #199
      00FF2F4FH   LINE      CODE     ---       #200
      00FF2F56H   LINE      CODE     ---       #201
      ---         BLOCKEND  ---      ---       LVL=0

      00FF2F5DH   BLOCK     CODE     ---       LVL=0
      00FF2F5DH   LINE      CODE     ---       #214
      00FF2F5DH   LINE      CODE     ---       #216
      00FF2F64H   LINE      CODE     ---       #217
      00FF2F6BH   LINE      CODE     ---       #218
      ---         BLOCKEND  ---      ---       LVL=0

      00FF2DA2H   BLOCK     CODE     ---       LVL=0
      R15         REGSYM    ---      BYTE      num
      00FF2DA2H   LINE      CODE     ---       #231
      00FF2DA6H   LINE      CODE     ---       #233
      00FF2DADH   LINE      CODE     ---       #234
      00FF2DB4H   LINE      CODE     ---       #235
      00FF2DBBH   LINE      CODE     ---       #236
      00FF2DC2H   LINE      CODE     ---       #237
      ---         BLOCKEND  ---      ---       LVL=0

      00FF2F86H   BLOCK     CODE     ---       LVL=0
      00FF2F86H   LINE      CODE     ---       #250
      00FF2F86H   LINE      CODE     ---       #252
      ---         BLOCKEND  ---      ---       LVL=0

      00FF2FDFH   BLOCK     CODE     ---       LVL=0
      00FF2FDFH   LINE      CODE     ---       #265
      00FF2FDFH   LINE      CODE     ---       #267
      00FF2FE1H   LINE      CODE     ---       #268
      00FF2FE4H   LINE      CODE     ---       #269
      00FF2FE6H   LINE      CODE     ---       #270
      ---         BLOCKEND  ---      ---       LVL=0

      00FF2B4FH   BLOCK     CODE     ---       LVL=0
      00FF2B53H   BLOCK     CODE     NEAR LAB  LVL=1
      R15         REGSYM    ---      BYTE      i
      R13         REGSYM    ---      BYTE      n
      R7          REGSYM    ---      BYTE      j
      ---         BLOCKEND  ---      ---       LVL=1
      00FF2B4FH   LINE      CODE     ---       #282
      00FF2B53H   LINE      CODE     ---       #283
      00FF2B53H   LINE      CODE     ---       #285
      00FF2B55H   LINE      CODE     ---       #287
      00FF2B5BH   LINE      CODE     ---       #288
      00FF2B62H   LINE      CODE     ---       #289
      00FF2B68H   LINE      CODE     ---       #290
      00FF2B6FH   LINE      CODE     ---       #292
      00FF2B71H   LINE      CODE     ---       #293
      00FF2B92H   LINE      CODE     ---       #294
      00FF2B99H   LINE      CODE     ---       #295
      ---         BLOCKEND  ---      ---       LVL=0

      00FF2BEDH   BLOCK     CODE     ---       LVL=0
      R2          REGSYM    ---      BYTE      x
L251 LINKER/LOCATER V4.66.93.0                                                        12/01/2024  22:47:41  PAGE 17


      R3          REGSYM    ---      BYTE      y
      00FF2BEDH   LINE      CODE     ---       #307
      00FF2BF1H   LINE      CODE     ---       #309
      00FF2C35H   LINE      CODE     ---       #310
      ---         BLOCKEND  ---      ---       LVL=0

      00FF260DH   BLOCK     CODE     ---       LVL=0
      R14         REGSYM    ---      BYTE      x1
      R15         REGSYM    ---      BYTE      y1
      R12         REGSYM    ---      BYTE      x2
      R13         REGSYM    ---      BYTE      y2
      00FF2617H   BLOCK     CODE     NEAR LAB  LVL=1
      000000A0H   SYMBOL    EDATA    BYTE      x
      000000A1H   SYMBOL    EDATA    BYTE      y
      ---         BLOCKEND  ---      ---       LVL=1
      00FF260DH   LINE      CODE     ---       #322
      00FF2617H   LINE      CODE     ---       #323
      00FF2617H   LINE      CODE     ---       #325
      00FF261BH   LINE      CODE     ---       #327
      00FF2625H   LINE      CODE     ---       #328
      00FF262FH   LINE      CODE     ---       #329
      00FF262FH   LINE      CODE     ---       #330
      00FF2633H   LINE      CODE     ---       #332
      00FF2639H   LINE      CODE     ---       #334
      00FF263DH   LINE      CODE     ---       #335
      00FF265BH   LINE      CODE     ---       #337
      00FF267AH   LINE      CODE     ---       #338
      00FF2689H   LINE      CODE     ---       #339
      00FF268BH   LINE      CODE     ---       #342
      00FF268FH   LINE      CODE     ---       #344
      00FF2695H   LINE      CODE     ---       #345
      00FF26ADH   LINE      CODE     ---       #346
      00FF26AFH   LINE      CODE     ---       #349
      00FF26B5H   LINE      CODE     ---       #350
      00FF26CDH   LINE      CODE     ---       #351
      00FF26CDH   LINE      CODE     ---       #352
      00FF26CDH   LINE      CODE     ---       #353
      ---         BLOCKEND  ---      ---       LVL=0

      00FF008EH   BLOCK     CODE     ---       LVL=0
      R12         REGSYM    ---      BYTE      x1
      R13         REGSYM    ---      BYTE      y1
      R14         REGSYM    ---      BYTE      x2
      R15         REGSYM    ---      BYTE      y2
      00FF008EH   LINE      CODE     ---       #365
      00FF0098H   LINE      CODE     ---       #367
      00FF009DH   LINE      CODE     ---       #368
      00FF00A8H   LINE      CODE     ---       #369
      00FF00B3H   LINE      CODE     ---       #370
      00FF00BEH   LINE      CODE     ---       #371
      ---         BLOCKEND  ---      ---       LVL=0

      00FF2345H   BLOCK     CODE     ---       LVL=0
      R14         REGSYM    ---      BYTE      x
      R15         REGSYM    ---      BYTE      y
      R10         REGSYM    ---      BYTE      r
      00FF234DH   BLOCK     CODE     NEAR LAB  LVL=1
      WR12        REGSYM    ---      INT       a
      00000008H   SYMBOL    EDATA    INT       b
      0000000AH   SYMBOL    EDATA    INT       di
      0000000CH   SYMBOL    EDATA    BYTE      x_add_a
      0000000DH   SYMBOL    EDATA    BYTE      x_add_b
      0000000EH   SYMBOL    EDATA    BYTE      x_sub_a
      0000000FH   SYMBOL    EDATA    BYTE      x_sub_b
      00000010H   SYMBOL    EDATA    BYTE      y_add_a
L251 LINKER/LOCATER V4.66.93.0                                                        12/01/2024  22:47:41  PAGE 18


      00000011H   SYMBOL    EDATA    BYTE      y_add_b
      00000012H   SYMBOL    EDATA    BYTE      y_sub_a
      00000013H   SYMBOL    EDATA    BYTE      y_sub_b
      ---         BLOCKEND  ---      ---       LVL=1
      00FF2345H   LINE      CODE     ---       #383
      00FF234DH   LINE      CODE     ---       #384
      00FF234DH   LINE      CODE     ---       #389
      00FF234FH   LINE      CODE     ---       #390
      00FF2355H   LINE      CODE     ---       #391
      00FF235FH   LINE      CODE     ---       #393
      00FF2362H   LINE      CODE     ---       #395
      00FF236CH   LINE      CODE     ---       #396
      00FF2376H   LINE      CODE     ---       #397
      00FF237EH   LINE      CODE     ---       #398
      00FF2386H   LINE      CODE     ---       #399
      00FF2390H   LINE      CODE     ---       #400
      00FF239AH   LINE      CODE     ---       #401
      00FF23A2H   LINE      CODE     ---       #402
      00FF23AAH   LINE      CODE     ---       #403
      00FF23ADH   LINE      CODE     ---       #404
      00FF23B8H   LINE      CODE     ---       #405
      00FF23C3H   LINE      CODE     ---       #406
      00FF23CEH   LINE      CODE     ---       #407
      00FF23D9H   LINE      CODE     ---       #408
      00FF23E4H   LINE      CODE     ---       #409
      00FF23EFH   LINE      CODE     ---       #410
      00FF23FAH   LINE      CODE     ---       #413
      00FF23FCH   LINE      CODE     ---       #416
      00FF241AH   LINE      CODE     ---       #419
      00FF2430H   LINE      CODE     ---       #420
      00FF243AH   LINE      CODE     ---       #421
      00FF243AH   LINE      CODE     ---       #422
      00FF2445H   LINE      CODE     ---       #423
      ---         BLOCKEND  ---      ---       LVL=0

      00FF2848H   BLOCK     CODE     ---       LVL=0
      R9          REGSYM    ---      BYTE      x
      R0          REGSYM    ---      BYTE      y
      R1          REGSYM    ---      CHAR      asc
      R8          REGSYM    ---      BYTE      mode
      00FF2850H   BLOCK     CODE     NEAR LAB  LVL=1
      R7          REGSYM    ---      BYTE      j
      R6          REGSYM    ---      BYTE      k
      ---         BLOCKEND  ---      ---       LVL=1
      00FF2848H   LINE      CODE     ---       #435
      00FF2850H   LINE      CODE     ---       #436
      00FF2850H   LINE      CODE     ---       #438
      00FF2852H   LINE      CODE     ---       #440
      00FF2854H   LINE      CODE     ---       #442
      00FF2858H   LINE      CODE     ---       #443
      00FF287BH   LINE      CODE     ---       #445
      00FF28C5H   LINE      CODE     ---       #446
      00FF28CBH   LINE      CODE     ---       #447
      00FF28D2H   LINE      CODE     ---       #449
      ---         BLOCKEND  ---      ---       LVL=0

      00FF2E56H   BLOCK     CODE     ---       LVL=0
      R8          REGSYM    ---      BYTE      m
      R9          REGSYM    ---      BYTE      n
      00FF2E5AH   BLOCK     CODE     NEAR LAB  LVL=1
      DR4         REGSYM    ---      DWORD     result
      ---         BLOCKEND  ---      ---       LVL=1
      00FF2E56H   LINE      CODE     ---       #452
      00FF2E5AH   LINE      CODE     ---       #453
      00FF2E5AH   LINE      CODE     ---       #454
L251 LINKER/LOCATER V4.66.93.0                                                        12/01/2024  22:47:41  PAGE 19


      00FF2E5EH   LINE      CODE     ---       #455
      00FF2E6FH   LINE      CODE     ---       #456
      00FF2E6FH   LINE      CODE     ---       #457
      ---         BLOCKEND  ---      ---       LVL=0

      00FF26D0H   BLOCK     CODE     ---       LVL=0
      R0          REGSYM    ---      BYTE      x
      R1          REGSYM    ---      BYTE      y
      REG=7       REGSYM    ---      ---       gbk
      R9          REGSYM    ---      BYTE      mode
      00FF26D8H   BLOCK     CODE     NEAR LAB  LVL=1
      R8          REGSYM    ---      BYTE      i
      R7          REGSYM    ---      BYTE      j
      R6          REGSYM    ---      BYTE      k
      ---         BLOCKEND  ---      ---       LVL=1
      00FF26D0H   LINE      CODE     ---       #471
      00FF26D8H   LINE      CODE     ---       #472
      00FF26D8H   LINE      CODE     ---       #475
      00FF26DAH   LINE      CODE     ---       #477
      00FF270BH   LINE      CODE     ---       #481
      00FF270DH   LINE      CODE     ---       #483
      00FF270FH   LINE      CODE     ---       #485
      00FF2713H   LINE      CODE     ---       #486
      00FF2731H   LINE      CODE     ---       #488
      00FF2776H   LINE      CODE     ---       #489
      00FF277CH   LINE      CODE     ---       #490
      00FF2782H   LINE      CODE     ---       #491
      00FF2783H   LINE      CODE     ---       #492
      00FF278DH   LINE      CODE     ---       #494
      ---         BLOCKEND  ---      ---       LVL=0

      00FF0003H   BLOCK     CODE     ---       LVL=0
      0000008BH   SYMBOL    EDATA    BYTE      x
      0000008CH   SYMBOL    EDATA    BYTE      y
      REG=3       REGSYM    ---      ---       s
      0000008DH   SYMBOL    EDATA    BYTE      mode
      00FF0013H   BLOCK     CODE     NEAR LAB  LVL=1
      0000008EH   SYMBOL    EDATA    ---       s_num
      ---         BLOCKEND  ---      ---       LVL=1
      00FF0003H   LINE      CODE     ---       #507
      00FF0013H   LINE      CODE     ---       #508
      00FF0013H   LINE      CODE     ---       #510
      00FF0015H   LINE      CODE     ---       #512
      00FF001DH   LINE      CODE     ---       #514
      00FF002FH   LINE      CODE     ---       #515
      00FF0039H   LINE      CODE     ---       #516
      00FF003BH   LINE      CODE     ---       #517
      00FF003DH   LINE      CODE     ---       #520
      00FF0044H   LINE      CODE     ---       #521
      00FF004CH   LINE      CODE     ---       #522
      00FF005FH   LINE      CODE     ---       #523
      00FF0069H   LINE      CODE     ---       #524
      00FF006BH   LINE      CODE     ---       #525
      00FF006BH   LINE      CODE     ---       #526
      00FF0074H   LINE      CODE     ---       #528
      00FF0079H   LINE      CODE     ---       #529
      00FF0083H   LINE      CODE     ---       #530
      00FF0088H   LINE      CODE     ---       #532
      ---         BLOCKEND  ---      ---       LVL=0

      00FF2B9EH   BLOCK     CODE     ---       LVL=0
      R13         REGSYM    ---      BYTE      x
      R14         REGSYM    ---      BYTE      y
      0000001CH   SYMBOL    EDATA    LONG      num
      R15         REGSYM    ---      BYTE      mode
L251 LINKER/LOCATER V4.66.93.0                                                        12/01/2024  22:47:41  PAGE 20


      00FF2BACH   BLOCK     CODE     NEAR LAB  LVL=1
      00010400H   SYMBOL    XDATA    ---       str
      ---         BLOCKEND  ---      ---       LVL=1
      00FF2B9EH   LINE      CODE     ---       #544
      00FF2BACH   LINE      CODE     ---       #545
      00FF2BACH   LINE      CODE     ---       #547
      00FF2BBCH   LINE      CODE     ---       #548
      00FF2BD7H   LINE      CODE     ---       #549
      00FF2BE8H   LINE      CODE     ---       #550
      ---         BLOCKEND  ---      ---       LVL=0

      00FF2B00H   BLOCK     CODE     ---       LVL=0
      R13         REGSYM    ---      BYTE      x
      R14         REGSYM    ---      BYTE      y
      00000096H   SYMBOL    EDATA    FLOAT     num
      R15         REGSYM    ---      BYTE      mode
      00FF2B0EH   BLOCK     CODE     NEAR LAB  LVL=1
      0001040AH   SYMBOL    XDATA    ---       str
      ---         BLOCKEND  ---      ---       LVL=1
      00FF2B00H   LINE      CODE     ---       #562
      00FF2B0EH   LINE      CODE     ---       #563
      00FF2B0EH   LINE      CODE     ---       #565
      00FF2B1EH   LINE      CODE     ---       #566
      00FF2B39H   LINE      CODE     ---       #567
      00FF2B4AH   LINE      CODE     ---       #568
      ---         BLOCKEND  ---      ---       LVL=0

      00FF2957H   BLOCK     CODE     ---       LVL=0
      R9          REGSYM    ---      BYTE      x
      R0          REGSYM    ---      BYTE      y
      R1          REGSYM    ---      BYTE      num
      R8          REGSYM    ---      BYTE      mode
      00FF295FH   BLOCK     CODE     NEAR LAB  LVL=1
      R7          REGSYM    ---      BYTE      j
      R6          REGSYM    ---      BYTE      k
      ---         BLOCKEND  ---      ---       LVL=1
      00FF2957H   LINE      CODE     ---       #582
      00FF295FH   LINE      CODE     ---       #583
      00FF295FH   LINE      CODE     ---       #585
      00FF2961H   LINE      CODE     ---       #587
      00FF2963H   LINE      CODE     ---       #589
      00FF2967H   LINE      CODE     ---       #590
      00FF2985H   LINE      CODE     ---       #592
      00FF29CAH   LINE      CODE     ---       #593
      00FF29D0H   LINE      CODE     ---       #594
      00FF29D7H   LINE      CODE     ---       #595
      ---         BLOCKEND  ---      ---       LVL=0

      00FF2AA9H   BLOCK     CODE     ---       LVL=0
      R15         REGSYM    ---      BYTE      x0
      R8          REGSYM    ---      BYTE      y0
      R9          REGSYM    ---      BYTE      x1
      R14         REGSYM    ---      BYTE      y1
      REG=7       REGSYM    ---      ---       BMP
      00FF2AB5H   BLOCK     CODE     NEAR LAB  LVL=1
      WR6         REGSYM    ---      WORD      num
      R5          REGSYM    ---      BYTE      k
      R10         REGSYM    ---      BYTE      j
      ---         BLOCKEND  ---      ---       LVL=1
      00FF2AA9H   LINE      CODE     ---       #608
      00FF2AB5H   LINE      CODE     ---       #609
      00FF2AB5H   LINE      CODE     ---       #610
      00FF2AB7H   LINE      CODE     ---       #613
      00FF2ABBH   LINE      CODE     ---       #615
      00FF2ABFH   LINE      CODE     ---       #617
L251 LINKER/LOCATER V4.66.93.0                                                        12/01/2024  22:47:41  PAGE 21


      00FF2AF1H   LINE      CODE     ---       #618
      00FF2AF7H   LINE      CODE     ---       #619
      00FF2AFDH   LINE      CODE     ---       #620
      ---         BLOCKEND  ---      ---       LVL=0

      ---         MODULE    ---      ---       STC32G_GPIO_Isr
      000000D0H   SFRSYM    DATA     BYTE      PSW
      0000009DH   SFRSYM    DATA     BYTE      IRCBAND
      00000097H   SFRSYM    DATA     BYTE      AUXR2
      000000EFH   SFRSYM    DATA     BYTE      AUXINTIF
      000000FDH   SFRSYM    DATA     BYTE      S4CON
      000000ACH   SFRSYM    DATA     BYTE      S3CON
      0000009AH   SFRSYM    DATA     BYTE      S2CON
      000000B7H   SFRSYM    DATA     BYTE      IPH
      000000CDH   SFRSYM    DATA     BYTE      SPSTAT
      000000DDH   SFRSYM    DATA     BYTE      T4T3M
      000000C1H   SFRSYM    DATA     BYTE      WDT_CONTR
      000000DFH   SFRSYM    DATA     BYTE      IP3
      000000F4H   SFRSYM    DATA     BYTE      USBCON
      000000B5H   SFRSYM    DATA     BYTE      IP2
      000000FFH   SFRSYM    DATA     BYTE      RSTCFG
      000000C7H   SFRSYM    DATA     BYTE      IAP_CONTR
      0000008EH   SFRSYM    DATA     BYTE      AUXR
      000000AFH   SFRSYM    DATA     BYTE      IE2
      00000088H   SFRSYM    DATA     BYTE      TCON
      00000089H   SFRSYM    DATA     BYTE      TMOD
      00000098H   SFRSYM    DATA     BYTE      SCON
      00000087H   SFRSYM    DATA     BYTE      PCON
      000000BCH   SFRSYM    DATA     BYTE      ADC_CONTR
      000000D1H   SFRSYM    DATA     BYTE      PSW1
      000000E7H   SFRSYM    DATA     BYTE      CMPCR2
      000000E6H   SFRSYM    DATA     BYTE      CMPCR1
      000000DEH   SFRSYM    DATA     BYTE      ADCCFG
      000000B8H   SFRSYM    DATA     BYTE      IP
      0000008FH   SFRSYM    DATA     BYTE      INTCLKO
      000000EEH   SFRSYM    DATA     BYTE      IP3H
      000000B6H   SFRSYM    DATA     BYTE      IP2H
      000000BFH   SFRSYM    DATA     BYTE      P_SW4
      000000A8H   SFRSYM    DATA     BYTE      IE
      000000BBH   SFRSYM    DATA     BYTE      P_SW3
      000000BAH   SFRSYM    DATA     BYTE      P_SW2
      000000A2H   SFRSYM    DATA     BYTE      P_SW1
      000000CEH   SFRSYM    DATA     BYTE      SPCTL
      000000F8H   SFRSYM    DATA     BYTE      P7
      000000E8H   SFRSYM    DATA     BYTE      P6
      000000C8H   SFRSYM    DATA     BYTE      P5
      000000C0H   SFRSYM    DATA     BYTE      P4
      000000ABH   SFRSYM    DATA     BYTE      WKTCH
      000000B0H   SFRSYM    DATA     BYTE      P3
      000000A0H   SFRSYM    DATA     BYTE      P2
      00000090H   SFRSYM    DATA     BYTE      P1
      00000080H   SFRSYM    DATA     BYTE      P0

      ---         MODULE    ---      ---       STC32G_I2C
      00FF2F03H   PUBLIC    CODE     ---       SendData
      00FF2E02H   PUBLIC    CODE     ---       RecvData
      00FF2F96H   PUBLIC    CODE     ---       Start
      00FF2F1AH   PUBLIC    CODE     ---       Wait
      00FF2F31H   PUBLIC    CODE     ---       SendCmdData
      00FF2A4BH   PUBLIC    CODE     ---       I2C_ReadNbyte
      00FF2FA6H   PUBLIC    CODE     ---       Stop
      00FF2FC6H   PUBLIC    CODE     ---       Get_MSBusy_Status
      00FF2C7DH   PUBLIC    CODE     ---       I2C_WriteNbyte
      00FF278EH   PUBLIC    CODE     ---       I2C_Init
      00FF2E1EH   PUBLIC    CODE     ---       IIC_Init
L251 LINKER/LOCATER V4.66.93.0                                                        12/01/2024  22:47:41  PAGE 22


      00FF2EBCH   PUBLIC    CODE     ---       SendACK
      00FF2FB6H   PUBLIC    CODE     ---       RecvACK
      00FF2EA3H   PUBLIC    CODE     ---       SendNAK
      00000014H   PUBLIC    EDATA    ---       I2C_Buffer
      000000D0H   SFRSYM    DATA     BYTE      PSW
      0000009DH   SFRSYM    DATA     BYTE      IRCBAND
      00000097H   SFRSYM    DATA     BYTE      AUXR2
      000000EFH   SFRSYM    DATA     BYTE      AUXINTIF
      000000FDH   SFRSYM    DATA     BYTE      S4CON
      000000ACH   SFRSYM    DATA     BYTE      S3CON
      0000009AH   SFRSYM    DATA     BYTE      S2CON
      000000B7H   SFRSYM    DATA     BYTE      IPH
      000000CDH   SFRSYM    DATA     BYTE      SPSTAT
      000000DDH   SFRSYM    DATA     BYTE      T4T3M
      000000C1H   SFRSYM    DATA     BYTE      WDT_CONTR
      000000DFH   SFRSYM    DATA     BYTE      IP3
      000000F4H   SFRSYM    DATA     BYTE      USBCON
      000000B5H   SFRSYM    DATA     BYTE      IP2
      000000FFH   SFRSYM    DATA     BYTE      RSTCFG
      000000C7H   SFRSYM    DATA     BYTE      IAP_CONTR
      0000008EH   SFRSYM    DATA     BYTE      AUXR
      000000AFH   SFRSYM    DATA     BYTE      IE2
      00000088H   SFRSYM    DATA     BYTE      TCON
      00000089H   SFRSYM    DATA     BYTE      TMOD
      00000098H   SFRSYM    DATA     BYTE      SCON
      00000087H   SFRSYM    DATA     BYTE      PCON
      000000BCH   SFRSYM    DATA     BYTE      ADC_CONTR
      000000D1H   SFRSYM    DATA     BYTE      PSW1
      000000E7H   SFRSYM    DATA     BYTE      CMPCR2
      000000E6H   SFRSYM    DATA     BYTE      CMPCR1
      000000BAH.5 SFRSYM    DATA     BIT       I2C_S1
      000000BAH.4 SFRSYM    DATA     BIT       I2C_S0
      000000DEH   SFRSYM    DATA     BYTE      ADCCFG
      000000B8H   SFRSYM    DATA     BYTE      IP
      0000008FH   SFRSYM    DATA     BYTE      INTCLKO
      000000EEH   SFRSYM    DATA     BYTE      IP3H
      000000B6H   SFRSYM    DATA     BYTE      IP2H
      000000BFH   SFRSYM    DATA     BYTE      P_SW4
      000000A8H   SFRSYM    DATA     BYTE      IE
      000000BBH   SFRSYM    DATA     BYTE      P_SW3
      000000BAH   SFRSYM    DATA     BYTE      P_SW2
      000000A2H   SFRSYM    DATA     BYTE      P_SW1
      000000CEH   SFRSYM    DATA     BYTE      SPCTL
      000000F8H   SFRSYM    DATA     BYTE      P7
      000000E8H   SFRSYM    DATA     BYTE      P6
      000000C8H   SFRSYM    DATA     BYTE      P5
      000000C0H   SFRSYM    DATA     BYTE      P4
      000000ABH   SFRSYM    DATA     BYTE      WKTCH
      000000B0H   SFRSYM    DATA     BYTE      P3
      000000A0H   SFRSYM    DATA     BYTE      P2
      00000090H   SFRSYM    DATA     BYTE      P1
      00000080H   SFRSYM    DATA     BYTE      P0

      00FF278EH   BLOCK     CODE     ---       LVL=0
      REG=7       REGSYM    ---      ---       I2Cx
      00FF278EH   LINE      CODE     ---       #28
      00FF2790H   LINE      CODE     ---       #30
      00FF2797H   LINE      CODE     ---       #32
      00FF27A7H   LINE      CODE     ---       #33
      00FF27B3H   LINE      CODE     ---       #34
      00FF27C4H   LINE      CODE     ---       #35
      00FF27D5H   LINE      CODE     ---       #36
      00FF27DDH   LINE      CODE     ---       #37
      00FF27DFH   LINE      CODE     ---       #40
      00FF27EFH   LINE      CODE     ---       #41
L251 LINKER/LOCATER V4.66.93.0                                                        12/01/2024  22:47:41  PAGE 23


      00FF27F7H   LINE      CODE     ---       #42
      00FF280CH   LINE      CODE     ---       #43
      00FF281AH   LINE      CODE     ---       #44
      00FF2822H   LINE      CODE     ---       #45
      00FF2822H   LINE      CODE     ---       #47
      00FF2847H   LINE      CODE     ---       #48
      ---         BLOCKEND  ---      ---       LVL=0

      00FF2E1EH   BLOCK     CODE     ---       LVL=0
      00FF2E1EH   LINE      CODE     ---       #50
      00FF2E1EH   LINE      CODE     ---       #52
      00FF2E21H   LINE      CODE     ---       #53
      00FF2E24H   LINE      CODE     ---       #54
      00FF2E31H   LINE      CODE     ---       #55
      00FF2E39H   LINE      CODE     ---       #56
      ---         BLOCKEND  ---      ---       LVL=0

      00FF2FC6H   BLOCK     CODE     ---       LVL=0
      00FF2FC6H   LINE      CODE     ---       #65
      00FF2FC6H   LINE      CODE     ---       #67
      00FF2FD3H   LINE      CODE     ---       #68
      ---         BLOCKEND  ---      ---       LVL=0

      00FF2F1AH   BLOCK     CODE     ---       LVL=0
      00FF2F1AH   LINE      CODE     ---       #77
      00FF2F1AH   LINE      CODE     ---       #79
      00FF2F28H   LINE      CODE     ---       #80
      00FF2F30H   LINE      CODE     ---       #81
      ---         BLOCKEND  ---      ---       LVL=0

      00FF2F96H   BLOCK     CODE     ---       LVL=0
      00FF2F96H   LINE      CODE     ---       #90
      00FF2F96H   LINE      CODE     ---       #92
      00FF2FA3H   LINE      CODE     ---       #93
      ---         BLOCKEND  ---      ---       LVL=0

      00FF2F03H   BLOCK     CODE     ---       LVL=0
      R11         REGSYM    ---      CHAR      dat
      00FF2F03H   LINE      CODE     ---       #103
      00FF2F03H   LINE      CODE     ---       #105
      00FF2F0EH   LINE      CODE     ---       #106
      00FF2F17H   LINE      CODE     ---       #107
      ---         BLOCKEND  ---      ---       LVL=0

      00FF2FB6H   BLOCK     CODE     ---       LVL=0
      00FF2FB6H   LINE      CODE     ---       #117
      00FF2FB6H   LINE      CODE     ---       #119
      00FF2FC3H   LINE      CODE     ---       #120
      ---         BLOCKEND  ---      ---       LVL=0

      00FF2E02H   BLOCK     CODE     ---       LVL=0
      00FF2E02H   LINE      CODE     ---       #130
      00FF2E02H   LINE      CODE     ---       #132
      00FF2E0FH   LINE      CODE     ---       #133
      00FF2E12H   LINE      CODE     ---       #134
      00FF2E1DH   LINE      CODE     ---       #135
      ---         BLOCKEND  ---      ---       LVL=0

      00FF2EBCH   BLOCK     CODE     ---       LVL=0
      00FF2EBCH   LINE      CODE     ---       #144
      00FF2EBCH   LINE      CODE     ---       #146
      00FF2EC8H   LINE      CODE     ---       #147
      00FF2ED1H   LINE      CODE     ---       #148
      ---         BLOCKEND  ---      ---       LVL=0

L251 LINKER/LOCATER V4.66.93.0                                                        12/01/2024  22:47:41  PAGE 24


      00FF2EA3H   BLOCK     CODE     ---       LVL=0
      00FF2EA3H   LINE      CODE     ---       #158
      00FF2EA3H   LINE      CODE     ---       #160
      00FF2EB0H   LINE      CODE     ---       #161
      00FF2EB9H   LINE      CODE     ---       #162
      ---         BLOCKEND  ---      ---       LVL=0

      00FF2FA6H   BLOCK     CODE     ---       LVL=0
      00FF2FA6H   LINE      CODE     ---       #172
      00FF2FA6H   LINE      CODE     ---       #174
      00FF2FB3H   LINE      CODE     ---       #175
      ---         BLOCKEND  ---      ---       LVL=0

      00FF2F31H   BLOCK     CODE     ---       LVL=0
      R11         REGSYM    ---      BYTE      cmd
      R10         REGSYM    ---      BYTE      dat
      00FF2F31H   LINE      CODE     ---       #185
      00FF2F33H   LINE      CODE     ---       #187
      00FF2F3EH   LINE      CODE     ---       #188
      00FF2F45H   LINE      CODE     ---       #189
      ---         BLOCKEND  ---      ---       LVL=0

      00FF2C7DH   BLOCK     CODE     ---       LVL=0
      0000008CH   SYMBOL    EDATA    BYTE      dev_addr
      0000008DH   SYMBOL    EDATA    BYTE      mem_addr
      REG=3       REGSYM    ---      ---       p
      0000008EH   SYMBOL    EDATA    BYTE      number
      00FF2C7DH   LINE      CODE     ---       #199
      00FF2C8DH   LINE      CODE     ---       #201
      00FF2C90H   LINE      CODE     ---       #202
      00FF2C97H   LINE      CODE     ---       #203
      00FF2C9AH   LINE      CODE     ---       #204
      00FF2CA1H   LINE      CODE     ---       #205
      00FF2CA4H   LINE      CODE     ---       #206
      00FF2CA4H   LINE      CODE     ---       #208
      00FF2CACH   LINE      CODE     ---       #209
      00FF2CAFH   LINE      CODE     ---       #210
      00FF2CBAH   LINE      CODE     ---       #212
      00FF2CBDH   LINE      CODE     ---       #213
      ---         BLOCKEND  ---      ---       LVL=0

      00FF2A4BH   BLOCK     CODE     ---       LVL=0
      0000009AH   SYMBOL    EDATA    BYTE      dev_addr
      0000009BH   SYMBOL    EDATA    BYTE      mem_addr
      REG=3       REGSYM    ---      ---       p
      0000009CH   SYMBOL    EDATA    BYTE      number
      00FF2A4BH   LINE      CODE     ---       #222
      00FF2A5BH   LINE      CODE     ---       #224
      00FF2A5EH   LINE      CODE     ---       #225
      00FF2A65H   LINE      CODE     ---       #226
      00FF2A68H   LINE      CODE     ---       #227
      00FF2A6FH   LINE      CODE     ---       #228
      00FF2A72H   LINE      CODE     ---       #229
      00FF2A75H   LINE      CODE     ---       #230
      00FF2A7EH   LINE      CODE     ---       #231
      00FF2A81H   LINE      CODE     ---       #232
      00FF2A81H   LINE      CODE     ---       #234
      00FF2A87H   LINE      CODE     ---       #235
      00FF2A89H   LINE      CODE     ---       #236
      00FF2A95H   LINE      CODE     ---       #237
      00FF2AA0H   LINE      CODE     ---       #239
      00FF2AA3H   LINE      CODE     ---       #240
      00FF2AA6H   LINE      CODE     ---       #241
      ---         BLOCKEND  ---      ---       LVL=0

L251 LINKER/LOCATER V4.66.93.0                                                        12/01/2024  22:47:41  PAGE 25


      ---         MODULE    ---      ---       STC32G_I2C_Isr
      00FF2448H   PUBLIC    CODE     ---       I2C_ISR_Handler
      00000020H.4 PUBLIC    BIT      BIT       DisplayFlag
      0000009DH   PUBLIC    EDATA    ---       I2CIsr
      000000D0H   SFRSYM    DATA     BYTE      PSW
      0000009DH   SFRSYM    DATA     BYTE      IRCBAND
      00000097H   SFRSYM    DATA     BYTE      AUXR2
      000000EFH   SFRSYM    DATA     BYTE      AUXINTIF
      000000FDH   SFRSYM    DATA     BYTE      S4CON
      000000ACH   SFRSYM    DATA     BYTE      S3CON
      0000009AH   SFRSYM    DATA     BYTE      S2CON
      000000B7H   SFRSYM    DATA     BYTE      IPH
      000000CDH   SFRSYM    DATA     BYTE      SPSTAT
      000000DDH   SFRSYM    DATA     BYTE      T4T3M
      000000C1H   SFRSYM    DATA     BYTE      WDT_CONTR
      000000DFH   SFRSYM    DATA     BYTE      IP3
      000000F4H   SFRSYM    DATA     BYTE      USBCON
      000000B5H   SFRSYM    DATA     BYTE      IP2
      000000FFH   SFRSYM    DATA     BYTE      RSTCFG
      000000C7H   SFRSYM    DATA     BYTE      IAP_CONTR
      0000008EH   SFRSYM    DATA     BYTE      AUXR
      000000AFH   SFRSYM    DATA     BYTE      IE2
      00000088H   SFRSYM    DATA     BYTE      TCON
      00000089H   SFRSYM    DATA     BYTE      TMOD
      00000098H   SFRSYM    DATA     BYTE      SCON
      00000087H   SFRSYM    DATA     BYTE      PCON
      000000BCH   SFRSYM    DATA     BYTE      ADC_CONTR
      000000D1H   SFRSYM    DATA     BYTE      PSW1
      000000E7H   SFRSYM    DATA     BYTE      CMPCR2
      000000E6H   SFRSYM    DATA     BYTE      CMPCR1
      000000DEH   SFRSYM    DATA     BYTE      ADCCFG
      000000B8H   SFRSYM    DATA     BYTE      IP
      0000008FH   SFRSYM    DATA     BYTE      INTCLKO
      000000EEH   SFRSYM    DATA     BYTE      IP3H
      000000B6H   SFRSYM    DATA     BYTE      IP2H
      000000BFH   SFRSYM    DATA     BYTE      P_SW4
      000000A8H   SFRSYM    DATA     BYTE      IE
      000000BBH   SFRSYM    DATA     BYTE      P_SW3
      000000BAH   SFRSYM    DATA     BYTE      P_SW2
      000000A2H   SFRSYM    DATA     BYTE      P_SW1
      000000CEH   SFRSYM    DATA     BYTE      SPCTL
      000000F8H   SFRSYM    DATA     BYTE      P7
      000000E8H   SFRSYM    DATA     BYTE      P6
      000000C8H   SFRSYM    DATA     BYTE      P5
      000000C0H   SFRSYM    DATA     BYTE      P4
      000000ABH   SFRSYM    DATA     BYTE      WKTCH
      000000B0H   SFRSYM    DATA     BYTE      P3
      000000A0H   SFRSYM    DATA     BYTE      P2
      00000090H   SFRSYM    DATA     BYTE      P1
      00000080H   SFRSYM    DATA     BYTE      P0

      00FF2448H   BLOCK     CODE     ---       LVL=0
      00FF2448H   LINE      CODE     ---       #35
      00FF2450H   LINE      CODE     ---       #40
      00FF2460H   LINE      CODE     ---       #42
      00FF246AH   LINE      CODE     ---       #44
      00FF2472H   LINE      CODE     ---       #45
      00FF2472H   LINE      CODE     ---       #48
      00FF2480H   LINE      CODE     ---       #50
      00FF2488H   LINE      CODE     ---       #51
      00FF248BH   LINE      CODE     ---       #52
      00FF2491H   LINE      CODE     ---       #54
      00FF2499H   LINE      CODE     ---       #55
      00FF249FH   LINE      CODE     ---       #57
      00FF24A4H   LINE      CODE     ---       #58
L251 LINKER/LOCATER V4.66.93.0                                                        12/01/2024  22:47:41  PAGE 26


      00FF24A7H   LINE      CODE     ---       #59
      00FF24ADH   LINE      CODE     ---       #61
      00FF24B2H   LINE      CODE     ---       #62
      00FF24C1H   LINE      CODE     ---       #63
      00FF24CBH   LINE      CODE     ---       #64
      00FF24CDH   LINE      CODE     ---       #67
      00FF24E9H   LINE      CODE     ---       #68
      00FF24E9H   LINE      CODE     ---       #69
      00FF24EBH   LINE      CODE     ---       #70
      00FF24F1H   LINE      CODE     ---       #72
      00FF24F9H   LINE      CODE     ---       #73
      00FF24FFH   LINE      CODE     ---       #75
      00FF2501H   LINE      CODE     ---       #76
      00FF2503H   LINE      CODE     ---       #79
      00FF251DH   LINE      CODE     ---       #80
      00FF251DH   LINE      CODE     ---       #81
      00FF251FH   LINE      CODE     ---       #82
      00FF2525H   LINE      CODE     ---       #84
      00FF252DH   LINE      CODE     ---       #85
      00FF2533H   LINE      CODE     ---       #86
      00FF2537H   LINE      CODE     ---       #87
      00FF2539H   LINE      CODE     ---       #88
      ---         BLOCKEND  ---      ---       LVL=0

      ---         MODULE    ---      ---       usart3
      00FF2ED4H   PUBLIC    CODE     ---       SetTimer2Baudraye
      00FF2C36H   PUBLIC    CODE     ---       UART3_int
      00FF2F72H   PUBLIC    CODE     ---       PrintString3
      00FF2CC0H   PUBLIC    CODE     ---       UART3_config
      00000020H.0 PUBLIC    BIT      BIT       B_TX3_Busy
      00000020H.1 PUBLIC    BIT      BIT       led_Flag
      00000020H.2 PUBLIC    BIT      BIT       Rec_Flag
      00000020H.3 PUBLIC    BIT      BIT       beep_Flag
      00000021H   PUBLIC    EDATA    ---       RX3_Buffer
      00000061H   PUBLIC    EDATA    BYTE      RX3_Cnt
      00000062H   PUBLIC    EDATA    BYTE      TX3_Cnt
      0000008EH.3 SFRSYM    DATA     BIT       T2_CT
      000000D0H   SFRSYM    DATA     BYTE      PSW
      0000009DH   SFRSYM    DATA     BYTE      IRCBAND
      00000097H   SFRSYM    DATA     BYTE      AUXR2
      000000EFH   SFRSYM    DATA     BYTE      AUXINTIF
      000000FDH   SFRSYM    DATA     BYTE      S4CON
      000000ACH   SFRSYM    DATA     BYTE      S3CON
      0000009AH   SFRSYM    DATA     BYTE      S2CON
      000000ADH   SFRSYM    DATA     BYTE      S3BUF
      000000DDH.1 SFRSYM    DATA     BIT       T3x12
      0000008EH.2 SFRSYM    DATA     BIT       T2x12
      000000B7H   SFRSYM    DATA     BYTE      IPH
      000000CDH   SFRSYM    DATA     BYTE      SPSTAT
      000000DDH   SFRSYM    DATA     BYTE      T4T3M
      000000DDH.3 SFRSYM    DATA     BIT       T3R
      0000008EH.4 SFRSYM    DATA     BIT       T2R
      000000C1H   SFRSYM    DATA     BYTE      WDT_CONTR
      000000D5H   SFRSYM    DATA     BYTE      T3L
      000000D7H   SFRSYM    DATA     BYTE      T2L
      000000D4H   SFRSYM    DATA     BYTE      T3H
      000000D6H   SFRSYM    DATA     BYTE      T2H
      000000DFH   SFRSYM    DATA     BYTE      IP3
      000000F4H   SFRSYM    DATA     BYTE      USBCON
      000000AFH.3 SFRSYM    DATA     BIT       ES3
      000000AFH.2 SFRSYM    DATA     BIT       ET2
      000000B5H   SFRSYM    DATA     BYTE      IP2
      000000FFH   SFRSYM    DATA     BYTE      RSTCFG
      000000C7H   SFRSYM    DATA     BYTE      IAP_CONTR
      0000008EH   SFRSYM    DATA     BYTE      AUXR
L251 LINKER/LOCATER V4.66.93.0                                                        12/01/2024  22:47:41  PAGE 27


      000000AFH   SFRSYM    DATA     BYTE      IE2
      000000BAH.1 SFRSYM    DATA     BIT       S3_S
      00000088H   SFRSYM    DATA     BYTE      TCON
      00000089H   SFRSYM    DATA     BYTE      TMOD
      00000098H   SFRSYM    DATA     BYTE      SCON
      00000087H   SFRSYM    DATA     BYTE      PCON
      000000BCH   SFRSYM    DATA     BYTE      ADC_CONTR
      000000D1H   SFRSYM    DATA     BYTE      PSW1
      000000E7H   SFRSYM    DATA     BYTE      CMPCR2
      000000E6H   SFRSYM    DATA     BYTE      CMPCR1
      000000ACH.0 SFRSYM    DATA     BIT       S3RI
      000000DEH   SFRSYM    DATA     BYTE      ADCCFG
      000000B8H   SFRSYM    DATA     BYTE      IP
      0000008FH   SFRSYM    DATA     BYTE      INTCLKO
      000000EEH   SFRSYM    DATA     BYTE      IP3H
      000000B6H   SFRSYM    DATA     BYTE      IP2H
      000000BFH   SFRSYM    DATA     BYTE      P_SW4
      000000A8H   SFRSYM    DATA     BYTE      IE
      000000BBH   SFRSYM    DATA     BYTE      P_SW3
      000000BAH   SFRSYM    DATA     BYTE      P_SW2
      000000A2H   SFRSYM    DATA     BYTE      P_SW1
      000000CEH   SFRSYM    DATA     BYTE      SPCTL
      000000F8H   SFRSYM    DATA     BYTE      P7
      000000E8H   SFRSYM    DATA     BYTE      P6
      000000C8H   SFRSYM    DATA     BYTE      P5
      000000C0H   SFRSYM    DATA     BYTE      P4
      000000ABH   SFRSYM    DATA     BYTE      WKTCH
      000000B0H   SFRSYM    DATA     BYTE      P3
      000000A0H   SFRSYM    DATA     BYTE      P2
      00000090H   SFRSYM    DATA     BYTE      P1
      00000080H   SFRSYM    DATA     BYTE      P0
      000000DDH.2 SFRSYM    DATA     BIT       T3_CT

      00FF2CC0H   BLOCK     CODE     ---       LVL=0
      R7          REGSYM    ---      BYTE      brt
      00FF2CC0H   LINE      CODE     ---       #20
      00FF2CC2H   LINE      CODE     ---       #22
      00FF2CC6H   LINE      CODE     ---       #24
      00FF2CCDH   LINE      CODE     ---       #25
      00FF2CD0H   LINE      CODE     ---       #26
      00FF2CD2H   LINE      CODE     ---       #29
      00FF2CD5H   LINE      CODE     ---       #30
      00FF2CD8H   LINE      CODE     ---       #31
      00FF2CDBH   LINE      CODE     ---       #32
      00FF2CDEH   LINE      CODE     ---       #33
      00FF2CE1H   LINE      CODE     ---       #34
      00FF2CE4H   LINE      CODE     ---       #35
      00FF2CE7H   LINE      CODE     ---       #36
      00FF2CE7H   LINE      CODE     ---       #37
      00FF2CEAH   LINE      CODE     ---       #38
      00FF2CEDH   LINE      CODE     ---       #40
      00FF2CEFH   LINE      CODE     ---       #41
      00FF2CF4H   LINE      CODE     ---       #42
      00FF2CF8H   LINE      CODE     ---       #43
      ---         BLOCKEND  ---      ---       LVL=0

      00FF2F72H   BLOCK     CODE     ---       LVL=0
      REG=0       REGSYM    ---      ---       puts
      00FF2F72H   LINE      CODE     ---       #54
      00FF2F72H   LINE      CODE     ---       #56
      00FF2F74H   LINE      CODE     ---       #58
      00FF2F79H   LINE      CODE     ---       #59
      00FF2F7BH   LINE      CODE     ---       #60
      00FF2F7EH   LINE      CODE     ---       #61
      00FF2F85H   LINE      CODE     ---       #62
L251 LINKER/LOCATER V4.66.93.0                                                        12/01/2024  22:47:41  PAGE 28


      ---         BLOCKEND  ---      ---       LVL=0

      00FF2ED4H   BLOCK     CODE     ---       LVL=0
      DR4         REGSYM    ---      DWORD     dat
      00FF2ED4H   LINE      CODE     ---       #73
      00FF2ED4H   LINE      CODE     ---       #75
      00FF2ED7H   LINE      CODE     ---       #76
      00FF2EDAH   LINE      CODE     ---       #77
      00FF2EDDH   LINE      CODE     ---       #78
      00FF2EE1H   LINE      CODE     ---       #79
      00FF2EE5H   LINE      CODE     ---       #80
      00FF2EE8H   LINE      CODE     ---       #81
      00FF2EEBH   LINE      CODE     ---       #82
      ---         BLOCKEND  ---      ---       LVL=0

      00FF2C36H   BLOCK     CODE     ---       LVL=0
      00FF2C40H   BLOCK     CODE     NEAR LAB  LVL=1
      R10         REGSYM    ---      CHAR      receivedChar
      ---         BLOCKEND  ---      ---       LVL=1
      00FF2C36H   LINE      CODE     ---       #138
      00FF2C3CH   LINE      CODE     ---       #140
      00FF2C40H   LINE      CODE     ---       #141
      00FF2C40H   LINE      CODE     ---       #143
      00FF2C43H   LINE      CODE     ---       #146
      00FF2C4CH   LINE      CODE     ---       #148
      00FF2C51H   LINE      CODE     ---       #149
      00FF2C53H   LINE      CODE     ---       #150
      00FF2C55H   LINE      CODE     ---       #151
      00FF2C57H   LINE      CODE     ---       #152
      00FF2C5EH   LINE      CODE     ---       #153
      00FF2C62H   LINE      CODE     ---       #154
      00FF2C62H   LINE      CODE     ---       #155
      00FF2C73H   LINE      CODE     ---       #156
      00FF2C73H   LINE      CODE     ---       #157
      00FF2C76H   LINE      CODE     ---       #158
      ---         BLOCKEND  ---      ---       LVL=0

      ---         MODULE    ---      ---       SPRINTF
      0000008BH   PUBLIC    EDATA    ---       ?SPRINTF?BYTE
      00FF196EH   PUBLIC    CODE     NEAR LAB  SPRINTF

      ---         MODULE    ---      ---       ?C?PRNFMT
      00FF19BBH   PUBLIC    CODE     ---       ?C?PRNFMT

      ---         MODULE    ---      ---       ?C?FPCONVERT
      00FF1DD8H   PUBLIC    CODE     ---       ?C?FPCONVERT
      00FF1E90H   PUBLIC    CODE     ---       ?C?FPROUND

      ---         MODULE    ---      ---       ?C?FPMUL
      00FF1ED3H   PUBLIC    CODE     ---       ?C?FPMUL

      ---         MODULE    ---      ---       ?C?FPDIV
      00FF1F73H   PUBLIC    CODE     ---       ?C?FPDIV

      ---         MODULE    ---      ---       ?C?FTNPWR
      00FF2024H   PUBLIC    CODE     ---       ?C?FTNPWR

      ---         MODULE    ---      ---       ?C?FPGETOPN
      00FF205BH   PUBLIC    CODE     ---       ?C?FPGETOPN2
      00FF2098H   PUBLIC    CODE     ---       ?C?FPNANRESULT
      00FF20A0H   PUBLIC    CODE     ---       ?C?FPOVERFLOW
      00FF2074H   PUBLIC    CODE     ---       ?C?FPRESULT
      00FF208AH   PUBLIC    CODE     ---       ?C?FPRESULT2
      00FF209DH   PUBLIC    CODE     ---       ?C?FPUNDERFLOW

L251 LINKER/LOCATER V4.66.93.0                                                        12/01/2024  22:47:41  PAGE 29


      ---         MODULE    ---      ---       ?C_START
      00FF0000H   PUBLIC    CODE     ---       ?C?STARTUP
      00FF0000H   PUBLIC    CODE     ---       ?C_STARTUP

      ---         MODULE    ---      ---       ?C?SIDIV
      00FF20ACH   PUBLIC    CODE     ---       ?C?SIDIV

      ---         MODULE    ---      ---       ?C?LMUL
      00FF20DEH   PUBLIC    CODE     ---       ?C?LMUL

      ---         MODULE    ---      ---       memset
      00FF2E70H   PUBLIC    CODE     ---       memset?_



*** WARNING L57: UNCALLED FUNCTION, IGNORED FOR OVERLAY PROCESS
    NAME:    GPIO_Inilize/STC32G_GPIO

*** WARNING L57: UNCALLED FUNCTION, IGNORED FOR OVERLAY PROCESS
    NAME:    OLED_BuffShowCircle/oled

*** WARNING L57: UNCALLED FUNCTION, IGNORED FOR OVERLAY PROCESS
    NAME:    OLED_BuffShowNum02F/oled

*** WARNING L57: UNCALLED FUNCTION, IGNORED FOR OVERLAY PROCESS
    NAME:    OLED_DisplayTurn/oled

*** WARNING L57: UNCALLED FUNCTION, IGNORED FOR OVERLAY PROCESS
    NAME:    delay/oled

*** WARNING L57: UNCALLED FUNCTION, IGNORED FOR OVERLAY PROCESS
    NAME:    OLED_BuffShowChar32/oled

*** WARNING L57: UNCALLED FUNCTION, IGNORED FOR OVERLAY PROCESS
    NAME:    OLED_BuffShow_NoInterrupt/oled

*** WARNING L57: UNCALLED FUNCTION, IGNORED FOR OVERLAY PROCESS
    NAME:    OLED_LightSet/oled

*** WARNING L57: UNCALLED FUNCTION, IGNORED FOR OVERLAY PROCESS
    NAME:    OLED_ColorTurn/oled

*** WARNING L57: UNCALLED FUNCTION, IGNORED FOR OVERLAY PROCESS
    NAME:    OLED_BuffShowRectangle/oled

*** WARNING L57: UNCALLED FUNCTION, IGNORED FOR OVERLAY PROCESS
    NAME:    oled_pow/oled

*** WARNING L57: UNCALLED FUNCTION, IGNORED FOR OVERLAY PROCESS
    NAME:    OLED_BuffShowNum/oled

*** WARNING L57: UNCALLED FUNCTION, IGNORED FOR OVERLAY PROCESS
    NAME:    OLED_DrawBMP/oled

*** WARNING L57: UNCALLED FUNCTION, IGNORED FOR OVERLAY PROCESS
    NAME:    OLED_DisplayOff/oled

*** WARNING L57: UNCALLED FUNCTION, IGNORED FOR OVERLAY PROCESS
    NAME:    SendCmdData/STC32G_I2C

*** WARNING L57: UNCALLED FUNCTION, IGNORED FOR OVERLAY PROCESS
    NAME:    I2C_ReadNbyte/STC32G_I2C

*** WARNING L57: UNCALLED FUNCTION, IGNORED FOR OVERLAY PROCESS
    NAME:    Get_MSBusy_Status/STC32G_I2C
L251 LINKER/LOCATER V4.66.93.0                                                        12/01/2024  22:47:41  PAGE 30



*** WARNING L57: UNCALLED FUNCTION, IGNORED FOR OVERLAY PROCESS
    NAME:    IIC_Init/STC32G_I2C

*** WARNING L57: UNCALLED FUNCTION, IGNORED FOR OVERLAY PROCESS
    NAME:    PrintString3/usart3

Program Size: data=8.5 edata+hdata=409 xdata=1047 const=13 code=12261
L251 RUN COMPLETE.  19 WARNING(S),  0 ERROR(S)
